2024-07-29T05:51:08.052504+00:00 serverenterprise sshd[4439]: pam_unix(sshd:auth): authentication failure; logname= uid=0 euid=0 tty=ssh ruser= rhost=43.134.183.142  user=root
2024-07-29T05:51:08.949307+00:00 serverenterprise sshd[4437]: Failed password for root from 156.253.5.48 port 48192 ssh2
2024-07-29T05:51:09.055719+00:00 serverenterprise sshd[4437]: Received disconnect from 156.253.5.48 port 48192:11: Bye Bye [preauth]
2024-07-29T05:51:09.055835+00:00 serverenterprise sshd[4437]: Disconnected from authenticating user root 156.253.5.48 port 48192 [preauth]
2024-07-29T05:51:10.228544+00:00 serverenterprise sshd[4439]: Failed password for root from 43.134.183.142 port 48858 ssh2
2024-07-29T05:51:11.727203+00:00 serverenterprise sshd[4439]: Received disconnect from 43.134.183.142 port 48858:11: Bye Bye [preauth]
2024-07-29T05:51:11.727322+00:00 serverenterprise sshd[4439]: Disconnected from authenticating user root 43.134.183.142 port 48858 [preauth]
2024-07-29T05:51:16.266489+00:00 serverenterprise sshd[4441]: pam_unix(sshd:auth): authentication failure; logname= uid=0 euid=0 tty=ssh ruser= rhost=113.193.234.210  user=root
2024-07-29T05:51:18.543065+00:00 serverenterprise sshd[4441]: Failed password for root from 113.193.234.210 port 61755 ssh2
2024-07-29T05:51:19.920393+00:00 serverenterprise sshd[4441]: Received disconnect from 113.193.234.210 port 61755:11: Bye Bye [preauth]
2024-07-29T05:51:19.920602+00:00 serverenterprise sshd[4441]: Disconnected from authenticating user root 113.193.234.210 port 61755 [preauth]
2024-07-29T05:51:32.353216+00:00 serverenterprise sshd[4443]: Invalid user postgres from 147.182.255.133 port 43058
2024-07-29T05:51:32.357405+00:00 serverenterprise sshd[4443]: pam_unix(sshd:auth): check pass; user unknown
2024-07-29T05:51:32.357630+00:00 serverenterprise sshd[4443]: pam_unix(sshd:auth): authentication failure; logname= uid=0 euid=0 tty=ssh ruser= rhost=147.182.255.133 
2024-07-29T05:51:34.161616+00:00 serverenterprise sshd[4443]: Failed password for invalid user postgres from 147.182.255.133 port 43058 ssh2
2024-07-29T05:51:34.177498+00:00 serverenterprise sshd[4445]: Invalid user r00t from 103.250.10.209 port 40692
2024-07-29T05:51:34.180997+00:00 serverenterprise sshd[4445]: pam_unix(sshd:auth): check pass; user unknown
2024-07-29T05:51:34.181222+00:00 serverenterprise sshd[4445]: pam_unix(sshd:auth): authentication failure; logname= uid=0 euid=0 tty=ssh ruser= rhost=103.250.10.209 
2024-07-29T05:51:34.316444+00:00 serverenterprise sshd[4443]: Received disconnect from 147.182.255.133 port 43058:11: Bye Bye [preauth]
2024-07-29T05:51:34.316564+00:00 serverenterprise sshd[4443]: Disconnected from invalid user postgres 147.182.255.133 port 43058 [preauth]
2024-07-29T05:51:36.593803+00:00 serverenterprise sshd[4445]: Failed password for invalid user r00t from 103.250.10.209 port 40692 ssh2
2024-07-29T05:51:38.666488+00:00 serverenterprise sshd[4445]: Received disconnect from 103.250.10.209 port 40692:11: Bye Bye [preauth]
2024-07-29T05:51:38.668042+00:00 serverenterprise sshd[4445]: Disconnected from invalid user r00t 103.250.10.209 port 40692 [preauth]
2024-07-29T05:51:49.266682+00:00 serverenterprise sshd[4447]: pam_unix(sshd:auth): authentication failure; logname= uid=0 euid=0 tty=ssh ruser= rhost=154.221.28.177  user=root
2024-07-29T05:51:49.551549+00:00 serverenterprise sshd[4449]: pam_unix(sshd:auth): authentication failure; logname= uid=0 euid=0 tty=ssh ruser= rhost=156.253.5.48  user=root
2024-07-29T05:51:51.071395+00:00 serverenterprise sshd[4447]: Failed password for root from 154.221.28.177 port 50642 ssh2
2024-07-29T05:51:51.356019+00:00 serverenterprise sshd[4449]: Failed password for root from 156.253.5.48 port 48254 ssh2
2024-07-29T05:51:52.919925+00:00 serverenterprise sshd[4447]: Received disconnect from 154.221.28.177 port 50642:11: Bye Bye [preauth]
2024-07-29T05:51:52.921060+00:00 serverenterprise sshd[4447]: Disconnected from authenticating user root 154.221.28.177 port 50642 [preauth]
2024-07-29T05:51:53.086767+00:00 serverenterprise sshd[4449]: Received disconnect from 156.253.5.48 port 48254:11: Bye Bye [preauth]
2024-07-29T05:51:53.086883+00:00 serverenterprise sshd[4449]: Disconnected from authenticating user root 156.253.5.48 port 48254 [preauth]
2024-07-29T05:51:56.704541+00:00 serverenterprise sshd[4451]: pam_unix(sshd:auth): authentication failure; logname= uid=0 euid=0 tty=ssh ruser= rhost=43.134.183.142  user=root
2024-07-29T05:51:58.469362+00:00 serverenterprise sshd[4451]: Failed password for root from 43.134.183.142 port 54730 ssh2
2024-07-29T05:52:00.379951+00:00 serverenterprise sshd[4451]: Received disconnect from 43.134.183.142 port 54730:11: Bye Bye [preauth]
2024-07-29T05:52:00.380130+00:00 serverenterprise sshd[4451]: Disconnected from authenticating user root 43.134.183.142 port 54730 [preauth]
2024-07-29T05:52:13.129242+00:00 serverenterprise sshd[4453]: Invalid user dev from 113.193.234.210 port 59345
2024-07-29T05:52:13.132967+00:00 serverenterprise sshd[4453]: pam_unix(sshd:auth): check pass; user unknown
2024-07-29T05:52:13.133111+00:00 serverenterprise sshd[4453]: pam_unix(sshd:auth): authentication failure; logname= uid=0 euid=0 tty=ssh ruser= rhost=113.193.234.210 
2024-07-29T05:52:15.233937+00:00 serverenterprise sshd[4453]: Failed password for invalid user dev from 113.193.234.210 port 59345 ssh2
2024-07-29T05:52:15.578060+00:00 serverenterprise sshd[4453]: Received disconnect from 113.193.234.210 port 59345:11: Bye Bye [preauth]
2024-07-29T05:52:15.578164+00:00 serverenterprise sshd[4453]: Disconnected from invalid user dev 113.193.234.210 port 59345 [preauth]
2024-07-29T05:52:16.438467+00:00 serverenterprise sshd[4455]: pam_unix(sshd:auth): authentication failure; logname= uid=0 euid=0 tty=ssh ruser= rhost=147.182.255.133  user=root
2024-07-29T05:52:18.951358+00:00 serverenterprise sshd[4455]: Failed password for root from 147.182.255.133 port 44544 ssh2
2024-07-29T05:52:19.959989+00:00 serverenterprise sshd[4455]: Received disconnect from 147.182.255.133 port 44544:11: Bye Bye [preauth]
2024-07-29T05:52:19.960181+00:00 serverenterprise sshd[4455]: Disconnected from authenticating user root 147.182.255.133 port 44544 [preauth]
2024-07-29T05:52:31.715435+00:00 serverenterprise sshd[4457]: Invalid user ubuntu from 156.253.5.48 port 48320
2024-07-29T05:52:31.719461+00:00 serverenterprise sshd[4457]: pam_unix(sshd:auth): check pass; user unknown
2024-07-29T05:52:31.719630+00:00 serverenterprise sshd[4457]: pam_unix(sshd:auth): authentication failure; logname= uid=0 euid=0 tty=ssh ruser= rhost=156.253.5.48 
2024-07-29T05:52:32.957596+00:00 serverenterprise sshd[4457]: Failed password for invalid user ubuntu from 156.253.5.48 port 48320 ssh2
2024-07-29T05:52:33.015564+00:00 serverenterprise sshd[4459]: pam_unix(sshd:auth): authentication failure; logname= uid=0 euid=0 tty=ssh ruser= rhost=103.250.10.209  user=root
2024-07-29T05:52:34.119200+00:00 serverenterprise sshd[4457]: Received disconnect from 156.253.5.48 port 48320:11: Bye Bye [preauth]
2024-07-29T05:52:34.119327+00:00 serverenterprise sshd[4457]: Disconnected from invalid user ubuntu 156.253.5.48 port 48320 [preauth]
2024-07-29T05:52:35.527797+00:00 serverenterprise sshd[4459]: Failed password for root from 103.250.10.209 port 57468 ssh2
2024-07-29T05:52:36.723981+00:00 serverenterprise sshd[4459]: Received disconnect from 103.250.10.209 port 57468:11: Bye Bye [preauth]
2024-07-29T05:52:36.724124+00:00 serverenterprise sshd[4459]: Disconnected from authenticating user root 103.250.10.209 port 57468 [preauth]
2024-07-29T05:52:41.635141+00:00 serverenterprise sshd[4461]: pam_unix(sshd:auth): authentication failure; logname= uid=0 euid=0 tty=ssh ruser= rhost=43.134.183.142  user=root
2024-07-29T05:52:43.910240+00:00 serverenterprise sshd[4461]: Failed password for root from 43.134.183.142 port 55898 ssh2
2024-07-29T05:52:44.292030+00:00 serverenterprise sshd[4463]: pam_unix(sshd:auth): authentication failure; logname= uid=0 euid=0 tty=ssh ruser= rhost=154.221.28.177  user=root
2024-07-29T05:52:45.312097+00:00 serverenterprise sshd[4461]: Received disconnect from 43.134.183.142 port 55898:11: Bye Bye [preauth]
2024-07-29T05:52:45.312261+00:00 serverenterprise sshd[4461]: Disconnected from authenticating user root 43.134.183.142 port 55898 [preauth]
2024-07-29T05:52:45.980369+00:00 serverenterprise sshd[4463]: Failed password for root from 154.221.28.177 port 36392 ssh2
2024-07-29T05:52:46.207995+00:00 serverenterprise sshd[4463]: Received disconnect from 154.221.28.177 port 36392:11: Bye Bye [preauth]
2024-07-29T05:52:46.208125+00:00 serverenterprise sshd[4463]: Disconnected from authenticating user root 154.221.28.177 port 36392 [preauth]
2024-07-29T05:53:00.088025+00:00 serverenterprise sshd[4466]: pam_unix(sshd:auth): authentication failure; logname= uid=0 euid=0 tty=ssh ruser= rhost=147.182.255.133  user=root
2024-07-29T05:53:02.640450+00:00 serverenterprise sshd[4466]: Failed password for root from 147.182.255.133 port 52894 ssh2
2024-07-29T05:53:03.608613+00:00 serverenterprise sshd[4466]: Received disconnect from 147.182.255.133 port 52894:11: Bye Bye [preauth]
2024-07-29T05:53:03.608767+00:00 serverenterprise sshd[4466]: Disconnected from authenticating user root 147.182.255.133 port 52894 [preauth]
2024-07-29T05:53:11.037774+00:00 serverenterprise sshd[4468]: Invalid user administrator from 113.193.234.210 port 54647
2024-07-29T05:53:11.041675+00:00 serverenterprise sshd[4468]: pam_unix(sshd:auth): check pass; user unknown
2024-07-29T05:53:11.041810+00:00 serverenterprise sshd[4468]: pam_unix(sshd:auth): authentication failure; logname= uid=0 euid=0 tty=ssh ruser= rhost=113.193.234.210 
2024-07-29T05:53:13.604832+00:00 serverenterprise sshd[4471]: Invalid user deploy from 156.253.5.48 port 48382
2024-07-29T05:53:13.609161+00:00 serverenterprise sshd[4471]: pam_unix(sshd:auth): check pass; user unknown
2024-07-29T05:53:13.609358+00:00 serverenterprise sshd[4471]: pam_unix(sshd:auth): authentication failure; logname= uid=0 euid=0 tty=ssh ruser= rhost=156.253.5.48 
2024-07-29T05:53:13.770336+00:00 serverenterprise sshd[4468]: Failed password for invalid user administrator from 113.193.234.210 port 54647 ssh2
2024-07-29T05:53:15.208177+00:00 serverenterprise sshd[4468]: Received disconnect from 113.193.234.210 port 54647:11: Bye Bye [preauth]
2024-07-29T05:53:15.208520+00:00 serverenterprise sshd[4468]: Disconnected from invalid user administrator 113.193.234.210 port 54647 [preauth]
2024-07-29T05:53:15.278458+00:00 serverenterprise sshd[4471]: Failed password for invalid user deploy from 156.253.5.48 port 48382 ssh2
2024-07-29T05:53:15.744005+00:00 serverenterprise sshd[4471]: Received disconnect from 156.253.5.48 port 48382:11: Bye Bye [preauth]
2024-07-29T05:53:15.744187+00:00 serverenterprise sshd[4471]: Disconnected from invalid user deploy 156.253.5.48 port 48382 [preauth]
2024-07-29T05:53:25.866046+00:00 serverenterprise sshd[4473]: pam_unix(sshd:auth): authentication failure; logname= uid=0 euid=0 tty=ssh ruser= rhost=43.134.183.142  user=root
2024-07-29T05:53:26.607421+00:00 serverenterprise sshd[4465]: error: kex_exchange_identification: read: Connection reset by peer
2024-07-29T05:53:26.607655+00:00 serverenterprise sshd[4465]: Connection reset by 60.191.20.210 port 23456
2024-07-29T05:53:27.515504+00:00 serverenterprise sshd[4473]: Failed password for root from 43.134.183.142 port 37164 ssh2
2024-07-29T05:53:27.815548+00:00 serverenterprise sshd[4473]: Received disconnect from 43.134.183.142 port 37164:11: Bye Bye [preauth]
2024-07-29T05:53:27.815646+00:00 serverenterprise sshd[4473]: Disconnected from authenticating user root 43.134.183.142 port 37164 [preauth]
2024-07-29T05:53:33.410810+00:00 serverenterprise sshd[4475]: pam_unix(sshd:auth): authentication failure; logname= uid=0 euid=0 tty=ssh ruser= rhost=103.250.10.209  user=root
2024-07-29T05:53:35.491050+00:00 serverenterprise sshd[4475]: Failed password for root from 103.250.10.209 port 33070 ssh2
2024-07-29T05:53:37.121323+00:00 serverenterprise sshd[4475]: Received disconnect from 103.250.10.209 port 33070:11: Bye Bye [preauth]
2024-07-29T05:53:37.121501+00:00 serverenterprise sshd[4475]: Disconnected from authenticating user root 103.250.10.209 port 33070 [preauth]
2024-07-29T05:53:38.328591+00:00 serverenterprise sshd[4477]: pam_unix(sshd:auth): authentication failure; logname= uid=0 euid=0 tty=ssh ruser= rhost=154.221.28.177  user=root
2024-07-29T05:53:40.098354+00:00 serverenterprise sshd[4477]: Failed password for root from 154.221.28.177 port 50378 ssh2
2024-07-29T05:53:41.973302+00:00 serverenterprise sshd[4477]: Received disconnect from 154.221.28.177 port 50378:11: Bye Bye [preauth]
2024-07-29T05:53:41.973455+00:00 serverenterprise sshd[4477]: Disconnected from authenticating user root 154.221.28.177 port 50378 [preauth]
2024-07-29T05:53:43.921984+00:00 serverenterprise sshd[4479]: pam_unix(sshd:auth): authentication failure; logname= uid=0 euid=0 tty=ssh ruser= rhost=147.182.255.133  user=root
2024-07-29T05:53:46.043087+00:00 serverenterprise sshd[4479]: Failed password for root from 147.182.255.133 port 44960 ssh2
2024-07-29T05:53:47.443214+00:00 serverenterprise sshd[4479]: Received disconnect from 147.182.255.133 port 44960:11: Bye Bye [preauth]
2024-07-29T05:53:47.443436+00:00 serverenterprise sshd[4479]: Disconnected from authenticating user root 147.182.255.133 port 44960 [preauth]
2024-07-29T05:53:55.203795+00:00 serverenterprise sshd[4481]: Invalid user devops from 156.253.5.48 port 48444
2024-07-29T05:53:55.207555+00:00 serverenterprise sshd[4481]: pam_unix(sshd:auth): check pass; user unknown
2024-07-29T05:53:55.207772+00:00 serverenterprise sshd[4481]: pam_unix(sshd:auth): authentication failure; logname= uid=0 euid=0 tty=ssh ruser= rhost=156.253.5.48 
2024-07-29T05:53:57.309587+00:00 serverenterprise sshd[4481]: Failed password for invalid user devops from 156.253.5.48 port 48444 ssh2
2024-07-29T05:53:58.292729+00:00 serverenterprise sshd[4481]: Received disconnect from 156.253.5.48 port 48444:11: Bye Bye [preauth]
2024-07-29T05:53:58.293098+00:00 serverenterprise sshd[4481]: Disconnected from invalid user devops 156.253.5.48 port 48444 [preauth]
2024-07-29T05:54:08.274188+00:00 serverenterprise sshd[4483]: pam_unix(sshd:auth): authentication failure; logname= uid=0 euid=0 tty=ssh ruser= rhost=113.193.234.210  user=root
2024-07-29T05:54:08.932853+00:00 serverenterprise sshd[4485]: Invalid user test3 from 43.134.183.142 port 33404
2024-07-29T05:54:08.937326+00:00 serverenterprise sshd[4485]: pam_unix(sshd:auth): check pass; user unknown
2024-07-29T05:54:08.937721+00:00 serverenterprise sshd[4485]: pam_unix(sshd:auth): authentication failure; logname= uid=0 euid=0 tty=ssh ruser= rhost=43.134.183.142 
2024-07-29T05:54:10.159650+00:00 serverenterprise sshd[4483]: Failed password for root from 113.193.234.210 port 52392 ssh2
2024-07-29T05:54:10.823377+00:00 serverenterprise sshd[4485]: Failed password for invalid user test3 from 43.134.183.142 port 33404 ssh2
2024-07-29T05:54:11.352006+00:00 serverenterprise sshd[4485]: Received disconnect from 43.134.183.142 port 33404:11: Bye Bye [preauth]
2024-07-29T05:54:11.352141+00:00 serverenterprise sshd[4485]: Disconnected from invalid user test3 43.134.183.142 port 33404 [preauth]
2024-07-29T05:54:11.924236+00:00 serverenterprise sshd[4483]: Received disconnect from 113.193.234.210 port 52392:11: Bye Bye [preauth]
2024-07-29T05:54:11.924362+00:00 serverenterprise sshd[4483]: Disconnected from authenticating user root 113.193.234.210 port 52392 [preauth]
2024-07-29T05:54:27.679182+00:00 serverenterprise sshd[4487]: pam_unix(sshd:auth): authentication failure; logname= uid=0 euid=0 tty=ssh ruser= rhost=147.182.255.133  user=root
2024-07-29T05:54:29.173151+00:00 serverenterprise sshd[4487]: Failed password for root from 147.182.255.133 port 41624 ssh2
2024-07-29T05:54:29.474734+00:00 serverenterprise sshd[4487]: Received disconnect from 147.182.255.133 port 41624:11: Bye Bye [preauth]
2024-07-29T05:54:29.474849+00:00 serverenterprise sshd[4487]: Disconnected from authenticating user root 147.182.255.133 port 41624 [preauth]
2024-07-29T05:54:29.945633+00:00 serverenterprise sshd[4489]: pam_unix(sshd:auth): authentication failure; logname= uid=0 euid=0 tty=ssh ruser= rhost=103.250.10.209  user=root
2024-07-29T05:54:31.549590+00:00 serverenterprise sshd[4491]: pam_unix(sshd:auth): authentication failure; logname= uid=0 euid=0 tty=ssh ruser= rhost=154.221.28.177  user=root
2024-07-29T05:54:31.715342+00:00 serverenterprise sshd[4489]: Failed password for root from 103.250.10.209 port 52684 ssh2
2024-07-29T05:54:33.259244+00:00 serverenterprise sshd[4491]: Failed password for root from 154.221.28.177 port 36128 ssh2
2024-07-29T05:54:33.469998+00:00 serverenterprise sshd[4491]: Received disconnect from 154.221.28.177 port 36128:11: Bye Bye [preauth]
2024-07-29T05:54:33.470111+00:00 serverenterprise sshd[4491]: Disconnected from authenticating user root 154.221.28.177 port 36128 [preauth]
2024-07-29T05:54:33.671834+00:00 serverenterprise sshd[4489]: Received disconnect from 103.250.10.209 port 52684:11: Bye Bye [preauth]
2024-07-29T05:54:33.672056+00:00 serverenterprise sshd[4489]: Disconnected from authenticating user root 103.250.10.209 port 52684 [preauth]
2024-07-29T05:54:36.278039+00:00 serverenterprise sshd[4493]: Invalid user ansible from 156.253.5.48 port 48506
2024-07-29T05:54:36.281708+00:00 serverenterprise sshd[4493]: pam_unix(sshd:auth): check pass; user unknown
2024-07-29T05:54:36.282028+00:00 serverenterprise sshd[4493]: pam_unix(sshd:auth): authentication failure; logname= uid=0 euid=0 tty=ssh ruser= rhost=156.253.5.48 
2024-07-29T05:54:38.347528+00:00 serverenterprise sshd[4493]: Failed password for invalid user ansible from 156.253.5.48 port 48506 ssh2
2024-07-29T05:54:38.608645+00:00 serverenterprise sshd[4493]: Received disconnect from 156.253.5.48 port 48506:11: Bye Bye [preauth]
2024-07-29T05:54:38.608779+00:00 serverenterprise sshd[4493]: Disconnected from invalid user ansible 156.253.5.48 port 48506 [preauth]
2024-07-29T05:54:52.661229+00:00 serverenterprise sshd[4495]: Invalid user admin from 43.134.183.142 port 47414
2024-07-29T05:54:52.664557+00:00 serverenterprise sshd[4495]: pam_unix(sshd:auth): check pass; user unknown
2024-07-29T05:54:52.664707+00:00 serverenterprise sshd[4495]: pam_unix(sshd:auth): authentication failure; logname= uid=0 euid=0 tty=ssh ruser= rhost=43.134.183.142 
2024-07-29T05:54:54.589617+00:00 serverenterprise sshd[4495]: Failed password for invalid user admin from 43.134.183.142 port 47414 ssh2
2024-07-29T05:54:55.563779+00:00 serverenterprise sshd[4495]: Received disconnect from 43.134.183.142 port 47414:11: Bye Bye [preauth]
2024-07-29T05:54:55.563961+00:00 serverenterprise sshd[4495]: Disconnected from invalid user admin 43.134.183.142 port 47414 [preauth]
2024-07-29T05:55:01.267209+00:00 serverenterprise CRON[4497]: pam_unix(cron:session): session opened for user root(uid=0) by root(uid=0)
2024-07-29T05:55:01.272220+00:00 serverenterprise CRON[4497]: pam_unix(cron:session): session closed for user root
2024-07-29T05:55:06.046593+00:00 serverenterprise sshd[4501]: pam_unix(sshd:auth): authentication failure; logname= uid=0 euid=0 tty=ssh ruser= rhost=113.193.234.210  user=root
2024-07-29T05:55:08.563824+00:00 serverenterprise sshd[4501]: Failed password for root from 113.193.234.210 port 48726 ssh2
2024-07-29T05:55:09.705386+00:00 serverenterprise sshd[4501]: Received disconnect from 113.193.234.210 port 48726:11: Bye Bye [preauth]
2024-07-29T05:55:09.705528+00:00 serverenterprise sshd[4501]: Disconnected from authenticating user root 113.193.234.210 port 48726 [preauth]
2024-07-29T05:55:12.024525+00:00 serverenterprise sshd[4503]: pam_unix(sshd:auth): authentication failure; logname= uid=0 euid=0 tty=ssh ruser= rhost=147.182.255.133  user=root
2024-07-29T05:55:14.030164+00:00 serverenterprise sshd[4503]: Failed password for root from 147.182.255.133 port 41866 ssh2
2024-07-29T05:55:15.542357+00:00 serverenterprise sshd[4503]: Received disconnect from 147.182.255.133 port 41866:11: Bye Bye [preauth]
2024-07-29T05:55:15.542502+00:00 serverenterprise sshd[4503]: Disconnected from authenticating user root 147.182.255.133 port 41866 [preauth]
2024-07-29T05:55:16.792062+00:00 serverenterprise sshd[4505]: Invalid user oracle from 156.253.5.48 port 48564
2024-07-29T05:55:16.795493+00:00 serverenterprise sshd[4505]: pam_unix(sshd:auth): check pass; user unknown
2024-07-29T05:55:16.795640+00:00 serverenterprise sshd[4505]: pam_unix(sshd:auth): authentication failure; logname= uid=0 euid=0 tty=ssh ruser= rhost=156.253.5.48 
2024-07-29T05:55:18.349279+00:00 serverenterprise sshd[4505]: Failed password for invalid user oracle from 156.253.5.48 port 48564 ssh2
2024-07-29T05:55:18.878530+00:00 serverenterprise sshd[4505]: Received disconnect from 156.253.5.48 port 48564:11: Bye Bye [preauth]
2024-07-29T05:55:18.878648+00:00 serverenterprise sshd[4505]: Disconnected from invalid user oracle 156.253.5.48 port 48564 [preauth]
2024-07-29T05:55:25.348238+00:00 serverenterprise sshd[4509]: pam_unix(sshd:auth): authentication failure; logname= uid=0 euid=0 tty=ssh ruser= rhost=154.221.28.177  user=root
2024-07-29T05:55:25.564859+00:00 serverenterprise sshd[4507]: Invalid user postgres from 103.250.10.209 port 33522
2024-07-29T05:55:25.568563+00:00 serverenterprise sshd[4507]: pam_unix(sshd:auth): check pass; user unknown
2024-07-29T05:55:25.568654+00:00 serverenterprise sshd[4507]: pam_unix(sshd:auth): authentication failure; logname= uid=0 euid=0 tty=ssh ruser= rhost=103.250.10.209 
2024-07-29T05:55:27.138519+00:00 serverenterprise sshd[4509]: Failed password for root from 154.221.28.177 port 50118 ssh2
2024-07-29T05:55:27.358747+00:00 serverenterprise sshd[4507]: Failed password for invalid user postgres from 103.250.10.209 port 33522 ssh2
2024-07-29T05:55:27.719723+00:00 serverenterprise sshd[4507]: Received disconnect from 103.250.10.209 port 33522:11: Bye Bye [preauth]
2024-07-29T05:55:27.719863+00:00 serverenterprise sshd[4507]: Disconnected from invalid user postgres 103.250.10.209 port 33522 [preauth]
2024-07-29T05:55:29.003913+00:00 serverenterprise sshd[4509]: Received disconnect from 154.221.28.177 port 50118:11: Bye Bye [preauth]
2024-07-29T05:55:29.004046+00:00 serverenterprise sshd[4509]: Disconnected from authenticating user root 154.221.28.177 port 50118 [preauth]
2024-07-29T05:55:35.524828+00:00 serverenterprise sshd[4511]: Invalid user amit from 43.134.183.142 port 53372
2024-07-29T05:55:35.529093+00:00 serverenterprise sshd[4511]: pam_unix(sshd:auth): check pass; user unknown
2024-07-29T05:55:35.529380+00:00 serverenterprise sshd[4511]: pam_unix(sshd:auth): authentication failure; logname= uid=0 euid=0 tty=ssh ruser= rhost=43.134.183.142 
2024-07-29T05:55:37.359810+00:00 serverenterprise sshd[4511]: Failed password for invalid user amit from 43.134.183.142 port 53372 ssh2
2024-07-29T05:55:39.069971+00:00 serverenterprise sshd[4511]: Received disconnect from 43.134.183.142 port 53372:11: Bye Bye [preauth]
2024-07-29T05:55:39.070096+00:00 serverenterprise sshd[4511]: Disconnected from invalid user amit 43.134.183.142 port 53372 [preauth]
2024-07-29T05:55:55.252373+00:00 serverenterprise sshd[4513]: pam_unix(sshd:auth): authentication failure; logname= uid=0 euid=0 tty=ssh ruser= rhost=147.182.255.133  user=root
2024-07-29T05:55:57.163385+00:00 serverenterprise sshd[4513]: Failed password for root from 147.182.255.133 port 34146 ssh2
2024-07-29T05:55:58.770384+00:00 serverenterprise sshd[4513]: Received disconnect from 147.182.255.133 port 34146:11: Bye Bye [preauth]
2024-07-29T05:55:58.770517+00:00 serverenterprise sshd[4513]: Disconnected from authenticating user root 147.182.255.133 port 34146 [preauth]
2024-07-29T05:56:00.170057+00:00 serverenterprise sshd[4515]: pam_unix(sshd:auth): authentication failure; logname= uid=0 euid=0 tty=ssh ruser= rhost=156.253.5.48  user=root
2024-07-29T05:56:02.431725+00:00 serverenterprise sshd[4515]: Failed password for root from 156.253.5.48 port 48630 ssh2
2024-07-29T05:56:03.705081+00:00 serverenterprise sshd[4515]: Received disconnect from 156.253.5.48 port 48630:11: Bye Bye [preauth]
2024-07-29T05:56:03.705227+00:00 serverenterprise sshd[4515]: Disconnected from authenticating user root 156.253.5.48 port 48630 [preauth]
2024-07-29T05:56:03.996010+00:00 serverenterprise sshd[4517]: Invalid user oracle from 113.193.234.210 port 45482
2024-07-29T05:56:03.999850+00:00 serverenterprise sshd[4517]: pam_unix(sshd:auth): check pass; user unknown
2024-07-29T05:56:04.000154+00:00 serverenterprise sshd[4517]: pam_unix(sshd:auth): authentication failure; logname= uid=0 euid=0 tty=ssh ruser= rhost=113.193.234.210 
2024-07-29T05:56:05.674597+00:00 serverenterprise sshd[4517]: Failed password for invalid user oracle from 113.193.234.210 port 45482 ssh2
2024-07-29T05:56:06.211002+00:00 serverenterprise sshd[4517]: Received disconnect from 113.193.234.210 port 45482:11: Bye Bye [preauth]
2024-07-29T05:56:06.211212+00:00 serverenterprise sshd[4517]: Disconnected from invalid user oracle 113.193.234.210 port 45482 [preauth]
2024-07-29T05:56:20.699643+00:00 serverenterprise sshd[4519]: pam_unix(sshd:auth): authentication failure; logname= uid=0 euid=0 tty=ssh ruser= rhost=154.221.28.177  user=root
2024-07-29T05:56:20.744446+00:00 serverenterprise sshd[4521]: Invalid user oracle from 43.134.183.142 port 50172
2024-07-29T05:56:20.747664+00:00 serverenterprise sshd[4521]: pam_unix(sshd:auth): check pass; user unknown
2024-07-29T05:56:20.748080+00:00 serverenterprise sshd[4521]: pam_unix(sshd:auth): authentication failure; logname= uid=0 euid=0 tty=ssh ruser= rhost=43.134.183.142 
2024-07-29T05:56:21.418293+00:00 serverenterprise sshd[4523]: Invalid user ubuntu from 103.250.10.209 port 45996
2024-07-29T05:56:21.423678+00:00 serverenterprise sshd[4523]: pam_unix(sshd:auth): check pass; user unknown
2024-07-29T05:56:21.423871+00:00 serverenterprise sshd[4523]: pam_unix(sshd:auth): authentication failure; logname= uid=0 euid=0 tty=ssh ruser= rhost=103.250.10.209 
2024-07-29T05:56:22.374120+00:00 serverenterprise sshd[4519]: Failed password for root from 154.221.28.177 port 35868 ssh2
2024-07-29T05:56:22.422759+00:00 serverenterprise sshd[4521]: Failed password for invalid user oracle from 43.134.183.142 port 50172 ssh2
2024-07-29T05:56:22.627090+00:00 serverenterprise sshd[4519]: Received disconnect from 154.221.28.177 port 35868:11: Bye Bye [preauth]
2024-07-29T05:56:22.627226+00:00 serverenterprise sshd[4519]: Disconnected from authenticating user root 154.221.28.177 port 35868 [preauth]
2024-07-29T05:56:22.979068+00:00 serverenterprise sshd[4521]: Received disconnect from 43.134.183.142 port 50172:11: Bye Bye [preauth]
2024-07-29T05:56:22.980068+00:00 serverenterprise sshd[4521]: Disconnected from invalid user oracle 43.134.183.142 port 50172 [preauth]
2024-07-29T05:56:23.234028+00:00 serverenterprise sshd[4523]: Failed password for invalid user ubuntu from 103.250.10.209 port 45996 ssh2
2024-07-29T05:56:23.999787+00:00 serverenterprise sshd[4523]: Received disconnect from 103.250.10.209 port 45996:11: Bye Bye [preauth]
2024-07-29T05:56:23.999931+00:00 serverenterprise sshd[4523]: Disconnected from invalid user ubuntu 103.250.10.209 port 45996 [preauth]
2024-07-29T05:56:40.137316+00:00 serverenterprise sshd[4525]: Invalid user administrator from 147.182.255.133 port 59934
2024-07-29T05:56:40.140877+00:00 serverenterprise sshd[4525]: pam_unix(sshd:auth): check pass; user unknown
2024-07-29T05:56:40.141193+00:00 serverenterprise sshd[4525]: pam_unix(sshd:auth): authentication failure; logname= uid=0 euid=0 tty=ssh ruser= rhost=147.182.255.133 
2024-07-29T05:56:41.767922+00:00 serverenterprise sshd[4527]: pam_unix(sshd:auth): authentication failure; logname= uid=0 euid=0 tty=ssh ruser= rhost=156.253.5.48  user=root
2024-07-29T05:56:42.227226+00:00 serverenterprise sshd[4525]: Failed password for invalid user administrator from 147.182.255.133 port 59934 ssh2
2024-07-29T05:56:43.658281+00:00 serverenterprise sshd[4527]: Failed password for root from 156.253.5.48 port 48694 ssh2
2024-07-29T05:56:44.182250+00:00 serverenterprise sshd[4525]: Received disconnect from 147.182.255.133 port 59934:11: Bye Bye [preauth]
2024-07-29T05:56:44.182395+00:00 serverenterprise sshd[4525]: Disconnected from invalid user administrator 147.182.255.133 port 59934 [preauth]
2024-07-29T05:56:45.298495+00:00 serverenterprise sshd[4527]: Received disconnect from 156.253.5.48 port 48694:11: Bye Bye [preauth]
2024-07-29T05:56:45.299561+00:00 serverenterprise sshd[4527]: Disconnected from authenticating user root 156.253.5.48 port 48694 [preauth]
2024-07-29T05:57:05.835570+00:00 serverenterprise sshd[4529]: pam_unix(sshd:auth): authentication failure; logname= uid=0 euid=0 tty=ssh ruser= rhost=113.193.234.210  user=root
2024-07-29T05:57:08.022994+00:00 serverenterprise sshd[4529]: Failed password for root from 113.193.234.210 port 42641 ssh2
2024-07-29T05:57:09.517376+00:00 serverenterprise sshd[4529]: Received disconnect from 113.193.234.210 port 42641:11: Bye Bye [preauth]
2024-07-29T05:57:09.517527+00:00 serverenterprise sshd[4529]: Disconnected from authenticating user root 113.193.234.210 port 42641 [preauth]
2024-07-29T05:57:12.634821+00:00 serverenterprise sshd[4531]: pam_unix(sshd:auth): authentication failure; logname= uid=0 euid=0 tty=ssh ruser= rhost=43.134.183.142  user=root
2024-07-29T05:57:14.780470+00:00 serverenterprise sshd[4531]: Failed password for root from 43.134.183.142 port 42460 ssh2
2024-07-29T05:57:16.309197+00:00 serverenterprise sshd[4531]: Received disconnect from 43.134.183.142 port 42460:11: Bye Bye [preauth]
2024-07-29T05:57:16.309333+00:00 serverenterprise sshd[4531]: Disconnected from authenticating user root 43.134.183.142 port 42460 [preauth]
2024-07-29T05:57:16.960232+00:00 serverenterprise sshd[4533]: pam_unix(sshd:auth): authentication failure; logname= uid=0 euid=0 tty=ssh ruser= rhost=154.221.28.177  user=root
2024-07-29T05:57:18.654772+00:00 serverenterprise sshd[4533]: Failed password for root from 154.221.28.177 port 49854 ssh2
2024-07-29T05:57:18.882800+00:00 serverenterprise sshd[4533]: Received disconnect from 154.221.28.177 port 49854:11: Bye Bye [preauth]
2024-07-29T05:57:18.882934+00:00 serverenterprise sshd[4533]: Disconnected from authenticating user root 154.221.28.177 port 49854 [preauth]
2024-07-29T05:57:19.944316+00:00 serverenterprise sshd[4535]: pam_unix(sshd:auth): authentication failure; logname= uid=0 euid=0 tty=ssh ruser= rhost=103.250.10.209  user=root
2024-07-29T05:57:21.719155+00:00 serverenterprise sshd[4535]: Failed password for root from 103.250.10.209 port 33360 ssh2
2024-07-29T05:57:23.653399+00:00 serverenterprise sshd[4535]: Received disconnect from 103.250.10.209 port 33360:11: Bye Bye [preauth]
2024-07-29T05:57:23.653554+00:00 serverenterprise sshd[4535]: Disconnected from authenticating user root 103.250.10.209 port 33360 [preauth]
2024-07-29T05:57:23.723238+00:00 serverenterprise sshd[4537]: pam_unix(sshd:auth): authentication failure; logname= uid=0 euid=0 tty=ssh ruser= rhost=147.182.255.133  user=root
2024-07-29T05:57:24.911380+00:00 serverenterprise sshd[4539]: Invalid user oracle from 156.253.5.48 port 48756
2024-07-29T05:57:24.915046+00:00 serverenterprise sshd[4539]: pam_unix(sshd:auth): check pass; user unknown
2024-07-29T05:57:24.915334+00:00 serverenterprise sshd[4539]: pam_unix(sshd:auth): authentication failure; logname= uid=0 euid=0 tty=ssh ruser= rhost=156.253.5.48 
2024-07-29T05:57:25.713859+00:00 serverenterprise sshd[4537]: Failed password for root from 147.182.255.133 port 36362 ssh2
2024-07-29T05:57:27.242213+00:00 serverenterprise sshd[4537]: Received disconnect from 147.182.255.133 port 36362:11: Bye Bye [preauth]
2024-07-29T05:57:27.242399+00:00 serverenterprise sshd[4537]: Disconnected from authenticating user root 147.182.255.133 port 36362 [preauth]
2024-07-29T05:57:27.377340+00:00 serverenterprise sshd[4539]: Failed password for invalid user oracle from 156.253.5.48 port 48756 ssh2
2024-07-29T05:57:29.002468+00:00 serverenterprise sshd[4539]: Received disconnect from 156.253.5.48 port 48756:11: Bye Bye [preauth]
2024-07-29T05:57:29.002628+00:00 serverenterprise sshd[4539]: Disconnected from invalid user oracle 156.253.5.48 port 48756 [preauth]
2024-07-29T05:58:03.595265+00:00 serverenterprise sshd[4541]: pam_unix(sshd:auth): authentication failure; logname= uid=0 euid=0 tty=ssh ruser= rhost=43.134.183.142  user=root
2024-07-29T05:58:06.077406+00:00 serverenterprise sshd[4541]: Failed password for root from 43.134.183.142 port 39168 ssh2
2024-07-29T05:58:07.270202+00:00 serverenterprise sshd[4541]: Received disconnect from 43.134.183.142 port 39168:11: Bye Bye [preauth]
2024-07-29T05:58:07.270343+00:00 serverenterprise sshd[4541]: Disconnected from authenticating user root 43.134.183.142 port 39168 [preauth]
2024-07-29T05:58:09.072279+00:00 serverenterprise sshd[4543]: pam_unix(sshd:auth): authentication failure; logname= uid=0 euid=0 tty=ssh ruser= rhost=113.193.234.210  user=root
2024-07-29T05:58:09.678656+00:00 serverenterprise sshd[4545]: pam_unix(sshd:auth): authentication failure; logname= uid=0 euid=0 tty=ssh ruser= rhost=147.182.255.133  user=root
2024-07-29T05:58:11.042551+00:00 serverenterprise sshd[4543]: Failed password for root from 113.193.234.210 port 38718 ssh2
2024-07-29T05:58:11.649349+00:00 serverenterprise sshd[4545]: Failed password for root from 147.182.255.133 port 49574 ssh2
2024-07-29T05:58:12.808749+00:00 serverenterprise sshd[4543]: Received disconnect from 113.193.234.210 port 38718:11: Bye Bye [preauth]
2024-07-29T05:58:12.808889+00:00 serverenterprise sshd[4543]: Disconnected from authenticating user root 113.193.234.210 port 38718 [preauth]
2024-07-29T05:58:13.197419+00:00 serverenterprise sshd[4545]: Received disconnect from 147.182.255.133 port 49574:11: Bye Bye [preauth]
2024-07-29T05:58:13.198892+00:00 serverenterprise sshd[4545]: Disconnected from authenticating user root 147.182.255.133 port 49574 [preauth]
2024-07-29T05:58:15.093379+00:00 serverenterprise sshd[4547]: pam_unix(sshd:auth): authentication failure; logname= uid=0 euid=0 tty=ssh ruser= rhost=154.221.28.177  user=root
2024-07-29T05:58:17.556372+00:00 serverenterprise sshd[4547]: Failed password for root from 154.221.28.177 port 35606 ssh2
2024-07-29T05:58:18.735098+00:00 serverenterprise sshd[4547]: Received disconnect from 154.221.28.177 port 35606:11: Bye Bye [preauth]
2024-07-29T05:58:18.735235+00:00 serverenterprise sshd[4547]: Disconnected from authenticating user root 154.221.28.177 port 35606 [preauth]
2024-07-29T05:58:22.551098+00:00 serverenterprise sshd[4549]: pam_unix(sshd:auth): authentication failure; logname= uid=0 euid=0 tty=ssh ruser= rhost=103.250.10.209  user=root
2024-07-29T05:58:22.574260+00:00 serverenterprise sshd[4551]: Invalid user ester from 156.253.5.48 port 48820
2024-07-29T05:58:22.578984+00:00 serverenterprise sshd[4551]: pam_unix(sshd:auth): check pass; user unknown
2024-07-29T05:58:22.579402+00:00 serverenterprise sshd[4551]: pam_unix(sshd:auth): authentication failure; logname= uid=0 euid=0 tty=ssh ruser= rhost=156.253.5.48 
2024-07-29T05:58:24.305841+00:00 serverenterprise sshd[4549]: Failed password for root from 103.250.10.209 port 44352 ssh2
2024-07-29T05:58:24.334082+00:00 serverenterprise sshd[4551]: Failed password for invalid user ester from 156.253.5.48 port 48820 ssh2
2024-07-29T05:58:25.476436+00:00 serverenterprise sshd[4551]: Received disconnect from 156.253.5.48 port 48820:11: Bye Bye [preauth]
2024-07-29T05:58:25.476576+00:00 serverenterprise sshd[4551]: Disconnected from invalid user ester 156.253.5.48 port 48820 [preauth]
2024-07-29T05:58:26.261285+00:00 serverenterprise sshd[4549]: Received disconnect from 103.250.10.209 port 44352:11: Bye Bye [preauth]
2024-07-29T05:58:26.261413+00:00 serverenterprise sshd[4549]: Disconnected from authenticating user root 103.250.10.209 port 44352 [preauth]
2024-07-29T05:58:52.484489+00:00 serverenterprise sshd[4553]: pam_unix(sshd:auth): authentication failure; logname= uid=0 euid=0 tty=ssh ruser= rhost=43.134.183.142  user=root
2024-07-29T05:58:55.024501+00:00 serverenterprise sshd[4553]: Failed password for root from 43.134.183.142 port 40616 ssh2
2024-07-29T05:58:55.197773+00:00 serverenterprise sshd[4555]: pam_unix(sshd:auth): authentication failure; logname= uid=0 euid=0 tty=ssh ruser= rhost=147.182.255.133  user=root
2024-07-29T05:58:56.160262+00:00 serverenterprise sshd[4553]: Received disconnect from 43.134.183.142 port 40616:11: Bye Bye [preauth]
2024-07-29T05:58:56.160394+00:00 serverenterprise sshd[4553]: Disconnected from authenticating user root 43.134.183.142 port 40616 [preauth]
2024-07-29T05:58:56.817196+00:00 serverenterprise sshd[4555]: Failed password for root from 147.182.255.133 port 41420 ssh2
2024-07-29T05:58:56.995853+00:00 serverenterprise sshd[4555]: Received disconnect from 147.182.255.133 port 41420:11: Bye Bye [preauth]
2024-07-29T05:58:56.996014+00:00 serverenterprise sshd[4555]: Disconnected from authenticating user root 147.182.255.133 port 41420 [preauth]
2024-07-29T05:59:05.107360+00:00 serverenterprise sshd[4557]: pam_unix(sshd:auth): authentication failure; logname= uid=0 euid=0 tty=ssh ruser= rhost=156.253.5.48  user=root
2024-07-29T05:59:07.434086+00:00 serverenterprise sshd[4557]: Failed password for root from 156.253.5.48 port 48880 ssh2
2024-07-29T05:59:08.641122+00:00 serverenterprise sshd[4557]: Received disconnect from 156.253.5.48 port 48880:11: Bye Bye [preauth]
2024-07-29T05:59:08.641256+00:00 serverenterprise sshd[4557]: Disconnected from authenticating user root 156.253.5.48 port 48880 [preauth]
2024-07-29T05:59:11.510362+00:00 serverenterprise sshd[4559]: Invalid user r00t from 154.221.28.177 port 49594
2024-07-29T05:59:11.514171+00:00 serverenterprise sshd[4559]: pam_unix(sshd:auth): check pass; user unknown
2024-07-29T05:59:11.514397+00:00 serverenterprise sshd[4559]: pam_unix(sshd:auth): authentication failure; logname= uid=0 euid=0 tty=ssh ruser= rhost=154.221.28.177 
2024-07-29T05:59:13.665427+00:00 serverenterprise sshd[4559]: Failed password for invalid user r00t from 154.221.28.177 port 49594 ssh2
2024-07-29T05:59:15.914504+00:00 serverenterprise sshd[4561]: pam_unix(sshd:auth): authentication failure; logname= uid=0 euid=0 tty=ssh ruser= rhost=113.193.234.210  user=root
2024-07-29T05:59:15.940192+00:00 serverenterprise sshd[4559]: Received disconnect from 154.221.28.177 port 49594:11: Bye Bye [preauth]
2024-07-29T05:59:15.940343+00:00 serverenterprise sshd[4559]: Disconnected from invalid user r00t 154.221.28.177 port 49594 [preauth]
2024-07-29T05:59:18.281393+00:00 serverenterprise sshd[4561]: Failed password for root from 113.193.234.210 port 36299 ssh2
2024-07-29T05:59:19.577666+00:00 serverenterprise sshd[4561]: Received disconnect from 113.193.234.210 port 36299:11: Bye Bye [preauth]
2024-07-29T05:59:19.577804+00:00 serverenterprise sshd[4561]: Disconnected from authenticating user root 113.193.234.210 port 36299 [preauth]
2024-07-29T05:59:22.775009+00:00 serverenterprise sshd[4563]: pam_unix(sshd:auth): authentication failure; logname= uid=0 euid=0 tty=ssh ruser= rhost=103.250.10.209  user=root
2024-07-29T05:59:25.102014+00:00 serverenterprise sshd[4563]: Failed password for root from 103.250.10.209 port 57316 ssh2
2024-07-29T05:59:26.484253+00:00 serverenterprise sshd[4563]: Received disconnect from 103.250.10.209 port 57316:11: Bye Bye [preauth]
2024-07-29T05:59:26.484410+00:00 serverenterprise sshd[4563]: Disconnected from authenticating user root 103.250.10.209 port 57316 [preauth]
2024-07-29T05:59:37.988093+00:00 serverenterprise sshd[4567]: pam_unix(sshd:auth): authentication failure; logname= uid=0 euid=0 tty=ssh ruser= rhost=147.182.255.133  user=root
2024-07-29T05:59:38.766856+00:00 serverenterprise sshd[4565]: pam_unix(sshd:auth): authentication failure; logname= uid=0 euid=0 tty=ssh ruser= rhost=43.134.183.142  user=root
2024-07-29T05:59:39.707438+00:00 serverenterprise sshd[4567]: Failed password for root from 147.182.255.133 port 40394 ssh2
2024-07-29T05:59:39.784773+00:00 serverenterprise sshd[4567]: Received disconnect from 147.182.255.133 port 40394:11: Bye Bye [preauth]
2024-07-29T05:59:39.784966+00:00 serverenterprise sshd[4567]: Disconnected from authenticating user root 147.182.255.133 port 40394 [preauth]
2024-07-29T05:59:40.622152+00:00 serverenterprise sshd[4565]: Failed password for root from 43.134.183.142 port 34184 ssh2
2024-07-29T05:59:42.450177+00:00 serverenterprise sshd[4565]: Received disconnect from 43.134.183.142 port 34184:11: Bye Bye [preauth]
2024-07-29T05:59:42.450308+00:00 serverenterprise sshd[4565]: Disconnected from authenticating user root 43.134.183.142 port 34184 [preauth]
2024-07-29T05:59:46.534211+00:00 serverenterprise sshd[4569]: pam_unix(sshd:auth): authentication failure; logname= uid=0 euid=0 tty=ssh ruser= rhost=156.253.5.48  user=root
2024-07-29T05:59:49.156633+00:00 serverenterprise sshd[4569]: Failed password for root from 156.253.5.48 port 48942 ssh2
2024-07-29T05:59:50.067703+00:00 serverenterprise sshd[4569]: Received disconnect from 156.253.5.48 port 48942:11: Bye Bye [preauth]
2024-07-29T05:59:50.067846+00:00 serverenterprise sshd[4569]: Disconnected from authenticating user root 156.253.5.48 port 48942 [preauth]
2024-07-29T06:00:04.837269+00:00 serverenterprise sshd[4571]: pam_unix(sshd:auth): authentication failure; logname= uid=0 euid=0 tty=ssh ruser= rhost=154.221.28.177  user=root
2024-07-29T06:00:06.595953+00:00 serverenterprise sshd[4571]: Failed password for root from 154.221.28.177 port 35348 ssh2
2024-07-29T06:00:08.485374+00:00 serverenterprise sshd[4571]: Received disconnect from 154.221.28.177 port 35348:11: Bye Bye [preauth]
2024-07-29T06:00:08.485522+00:00 serverenterprise sshd[4571]: Disconnected from authenticating user root 154.221.28.177 port 35348 [preauth]
2024-07-29T06:00:21.491600+00:00 serverenterprise sshd[4579]: pam_unix(sshd:auth): authentication failure; logname= uid=0 euid=0 tty=ssh ruser= rhost=147.182.255.133  user=root
2024-07-29T06:00:22.201295+00:00 serverenterprise sshd[4577]: Invalid user ubuntu from 113.193.234.210 port 35552
2024-07-29T06:00:22.205250+00:00 serverenterprise sshd[4577]: pam_unix(sshd:auth): check pass; user unknown
2024-07-29T06:00:22.205434+00:00 serverenterprise sshd[4577]: pam_unix(sshd:auth): authentication failure; logname= uid=0 euid=0 tty=ssh ruser= rhost=113.193.234.210 
2024-07-29T06:00:23.918722+00:00 serverenterprise sshd[4579]: Failed password for root from 147.182.255.133 port 41230 ssh2
2024-07-29T06:00:24.768293+00:00 serverenterprise sshd[4577]: Failed password for invalid user ubuntu from 113.193.234.210 port 35552 ssh2
2024-07-29T06:00:24.855764+00:00 serverenterprise sshd[4581]: pam_unix(sshd:auth): authentication failure; logname= uid=0 euid=0 tty=ssh ruser= rhost=43.134.183.142  user=root
2024-07-29T06:00:25.013536+00:00 serverenterprise sshd[4579]: Received disconnect from 147.182.255.133 port 41230:11: Bye Bye [preauth]
2024-07-29T06:00:25.014438+00:00 serverenterprise sshd[4579]: Disconnected from authenticating user root 147.182.255.133 port 41230 [preauth]
2024-07-29T06:00:26.005237+00:00 serverenterprise sshd[4583]: pam_unix(sshd:auth): authentication failure; logname= uid=0 euid=0 tty=ssh ruser= rhost=103.250.10.209  user=root
2024-07-29T06:00:27.026942+00:00 serverenterprise sshd[4581]: Failed password for root from 43.134.183.142 port 38000 ssh2
2024-07-29T06:00:27.072700+00:00 serverenterprise sshd[4577]: Received disconnect from 113.193.234.210 port 35552:11: Bye Bye [preauth]
2024-07-29T06:00:27.072818+00:00 serverenterprise sshd[4577]: Disconnected from invalid user ubuntu 113.193.234.210 port 35552 [preauth]
2024-07-29T06:00:27.784962+00:00 serverenterprise sshd[4583]: Failed password for root from 103.250.10.209 port 46358 ssh2
2024-07-29T06:00:27.940036+00:00 serverenterprise sshd[4585]: pam_unix(sshd:auth): authentication failure; logname= uid=0 euid=0 tty=ssh ruser= rhost=156.253.5.48  user=root
2024-07-29T06:00:28.529365+00:00 serverenterprise sshd[4581]: Received disconnect from 43.134.183.142 port 38000:11: Bye Bye [preauth]
2024-07-29T06:00:28.529516+00:00 serverenterprise sshd[4581]: Disconnected from authenticating user root 43.134.183.142 port 38000 [preauth]
2024-07-29T06:00:29.523999+00:00 serverenterprise sshd[4585]: Failed password for root from 156.253.5.48 port 49002 ssh2
2024-07-29T06:00:29.750999+00:00 serverenterprise sshd[4585]: Received disconnect from 156.253.5.48 port 49002:11: Bye Bye [preauth]
2024-07-29T06:00:29.751141+00:00 serverenterprise sshd[4585]: Disconnected from authenticating user root 156.253.5.48 port 49002 [preauth]
2024-07-29T06:00:29.772986+00:00 serverenterprise sshd[4583]: Received disconnect from 103.250.10.209 port 46358:11: Bye Bye [preauth]
2024-07-29T06:00:29.774011+00:00 serverenterprise sshd[4583]: Disconnected from authenticating user root 103.250.10.209 port 46358 [preauth]
2024-07-29T06:00:58.350312+00:00 serverenterprise sshd[4587]: pam_unix(sshd:auth): authentication failure; logname= uid=0 euid=0 tty=ssh ruser= rhost=154.221.28.177  user=root
2024-07-29T06:01:00.521660+00:00 serverenterprise sshd[4587]: Failed password for root from 154.221.28.177 port 49334 ssh2
2024-07-29T06:01:01.997413+00:00 serverenterprise sshd[4587]: Received disconnect from 154.221.28.177 port 49334:11: Bye Bye [preauth]
2024-07-29T06:01:01.997552+00:00 serverenterprise sshd[4587]: Disconnected from authenticating user root 154.221.28.177 port 49334 [preauth]
2024-07-29T06:01:04.188836+00:00 serverenterprise sshd[4589]: pam_unix(sshd:auth): authentication failure; logname= uid=0 euid=0 tty=ssh ruser= rhost=147.182.255.133  user=root
2024-07-29T06:01:06.184523+00:00 serverenterprise sshd[4589]: Failed password for root from 147.182.255.133 port 34832 ssh2
2024-07-29T06:01:07.709312+00:00 serverenterprise sshd[4589]: Received disconnect from 147.182.255.133 port 34832:11: Bye Bye [preauth]
2024-07-29T06:01:07.709478+00:00 serverenterprise sshd[4589]: Disconnected from authenticating user root 147.182.255.133 port 34832 [preauth]
2024-07-29T06:01:08.184558+00:00 serverenterprise sshd[4591]: pam_unix(sshd:auth): authentication failure; logname= uid=0 euid=0 tty=ssh ruser= rhost=156.253.5.48  user=root
2024-07-29T06:01:09.298650+00:00 serverenterprise sshd[4593]: pam_unix(sshd:auth): authentication failure; logname= uid=0 euid=0 tty=ssh ruser= rhost=43.134.183.142  user=root
2024-07-29T06:01:10.396041+00:00 serverenterprise sshd[4591]: Failed password for root from 156.253.5.48 port 49066 ssh2
2024-07-29T06:01:11.313656+00:00 serverenterprise sshd[4593]: Failed password for root from 43.134.183.142 port 49162 ssh2
2024-07-29T06:01:11.716201+00:00 serverenterprise sshd[4591]: Received disconnect from 156.253.5.48 port 49066:11: Bye Bye [preauth]
2024-07-29T06:01:11.716336+00:00 serverenterprise sshd[4591]: Disconnected from authenticating user root 156.253.5.48 port 49066 [preauth]
2024-07-29T06:01:12.970480+00:00 serverenterprise sshd[4593]: Received disconnect from 43.134.183.142 port 49162:11: Bye Bye [preauth]
2024-07-29T06:01:12.970640+00:00 serverenterprise sshd[4593]: Disconnected from authenticating user root 43.134.183.142 port 49162 [preauth]
2024-07-29T06:01:26.424642+00:00 serverenterprise sshd[4595]: pam_unix(sshd:auth): authentication failure; logname= uid=0 euid=0 tty=ssh ruser= rhost=113.193.234.210  user=root
2024-07-29T06:01:27.773194+00:00 serverenterprise sshd[4595]: Failed password for root from 113.193.234.210 port 32275 ssh2
2024-07-29T06:01:28.413604+00:00 serverenterprise sshd[4595]: Received disconnect from 113.193.234.210 port 32275:11: Bye Bye [preauth]
2024-07-29T06:01:28.413805+00:00 serverenterprise sshd[4595]: Disconnected from authenticating user root 113.193.234.210 port 32275 [preauth]
2024-07-29T06:01:33.437534+00:00 serverenterprise sshd[4597]: pam_unix(sshd:auth): authentication failure; logname= uid=0 euid=0 tty=ssh ruser= rhost=103.250.10.209  user=root
2024-07-29T06:01:35.081986+00:00 serverenterprise sshd[4597]: Failed password for root from 103.250.10.209 port 39948 ssh2
2024-07-29T06:01:35.422252+00:00 serverenterprise sshd[4597]: Received disconnect from 103.250.10.209 port 39948:11: Bye Bye [preauth]
2024-07-29T06:01:35.422397+00:00 serverenterprise sshd[4597]: Disconnected from authenticating user root 103.250.10.209 port 39948 [preauth]
2024-07-29T06:01:44.770331+00:00 serverenterprise sshd[4599]: Invalid user oracle from 147.182.255.133 port 47746
2024-07-29T06:01:44.775348+00:00 serverenterprise sshd[4599]: pam_unix(sshd:auth): check pass; user unknown
2024-07-29T06:01:44.775482+00:00 serverenterprise sshd[4599]: pam_unix(sshd:auth): authentication failure; logname= uid=0 euid=0 tty=ssh ruser= rhost=147.182.255.133 
2024-07-29T06:01:46.264325+00:00 serverenterprise sshd[4599]: Failed password for invalid user oracle from 147.182.255.133 port 47746 ssh2
2024-07-29T06:01:46.846999+00:00 serverenterprise sshd[4599]: Received disconnect from 147.182.255.133 port 47746:11: Bye Bye [preauth]
2024-07-29T06:01:46.847164+00:00 serverenterprise sshd[4599]: Disconnected from invalid user oracle 147.182.255.133 port 47746 [preauth]
2024-07-29T06:01:47.833017+00:00 serverenterprise sshd[4601]: pam_unix(sshd:auth): authentication failure; logname= uid=0 euid=0 tty=ssh ruser= rhost=156.253.5.48  user=root
2024-07-29T06:01:49.733019+00:00 serverenterprise sshd[4601]: Failed password for root from 156.253.5.48 port 49128 ssh2
2024-07-29T06:01:51.364256+00:00 serverenterprise sshd[4601]: Received disconnect from 156.253.5.48 port 49128:11: Bye Bye [preauth]
