2024-07-29T04:42:29.186431+00:00 serverenterprise sshd[3806]: Received disconnect from 51.91.103.16 port 43318:11: Bye Bye [preauth]
2024-07-29T04:42:29.186803+00:00 serverenterprise sshd[3806]: Disconnected from authenticating user root 51.91.103.16 port 43318 [preauth]
2024-07-29T04:42:31.326658+00:00 serverenterprise sshd[3808]: Invalid user ubuntu from 62.210.207.222 port 41716
2024-07-29T04:42:31.331388+00:00 serverenterprise sshd[3808]: pam_unix(sshd:auth): check pass; user unknown
2024-07-29T04:42:31.331728+00:00 serverenterprise sshd[3808]: pam_unix(sshd:auth): authentication failure; logname= uid=0 euid=0 tty=ssh ruser= rhost=62.210.207.222 
2024-07-29T04:42:32.981852+00:00 serverenterprise sshd[3808]: Failed password for invalid user ubuntu from 62.210.207.222 port 41716 ssh2
2024-07-29T04:42:33.725546+00:00 serverenterprise sshd[3808]: Received disconnect from 62.210.207.222 port 41716:11: Bye Bye [preauth]
2024-07-29T04:42:33.725674+00:00 serverenterprise sshd[3808]: Disconnected from invalid user ubuntu 62.210.207.222 port 41716 [preauth]
2024-07-29T04:42:35.375408+00:00 serverenterprise sshd[3810]: pam_unix(sshd:auth): authentication failure; logname= uid=0 euid=0 tty=ssh ruser= rhost=222.253.40.231  user=root
2024-07-29T04:42:37.049527+00:00 serverenterprise sshd[3812]: Invalid user ubuntu from 137.220.191.188 port 51778
2024-07-29T04:42:37.053605+00:00 serverenterprise sshd[3812]: pam_unix(sshd:auth): check pass; user unknown
2024-07-29T04:42:37.053833+00:00 serverenterprise sshd[3812]: pam_unix(sshd:auth): authentication failure; logname= uid=0 euid=0 tty=ssh ruser= rhost=137.220.191.188 
2024-07-29T04:42:37.908388+00:00 serverenterprise sshd[3810]: Failed password for root from 222.253.40.231 port 55012 ssh2
2024-07-29T04:42:38.859565+00:00 serverenterprise sshd[3812]: Failed password for invalid user ubuntu from 137.220.191.188 port 51778 ssh2
2024-07-29T04:42:39.062826+00:00 serverenterprise sshd[3810]: Received disconnect from 222.253.40.231 port 55012:11: Bye Bye [preauth]
2024-07-29T04:42:39.063042+00:00 serverenterprise sshd[3810]: Disconnected from authenticating user root 222.253.40.231 port 55012 [preauth]
2024-07-29T04:42:39.520988+00:00 serverenterprise sshd[3812]: Received disconnect from 137.220.191.188 port 51778:11: Bye Bye [preauth]
2024-07-29T04:42:39.521116+00:00 serverenterprise sshd[3812]: Disconnected from invalid user ubuntu 137.220.191.188 port 51778 [preauth]
2024-07-29T04:42:42.371684+00:00 serverenterprise sshd[3814]: pam_unix(sshd:auth): authentication failure; logname= uid=0 euid=0 tty=ssh ruser= rhost=157.245.102.141  user=root
2024-07-29T04:42:44.533144+00:00 serverenterprise sshd[3814]: Failed password for root from 157.245.102.141 port 43266 ssh2
2024-07-29T04:42:46.050265+00:00 serverenterprise sshd[3814]: Received disconnect from 157.245.102.141 port 43266:11: Bye Bye [preauth]
2024-07-29T04:42:46.050407+00:00 serverenterprise sshd[3814]: Disconnected from authenticating user root 157.245.102.141 port 43266 [preauth]
2024-07-29T04:42:59.486581+00:00 serverenterprise sshd[3816]: Invalid user alex from 212.12.31.69 port 42532
2024-07-29T04:42:59.491377+00:00 serverenterprise sshd[3816]: pam_unix(sshd:auth): check pass; user unknown
2024-07-29T04:42:59.491562+00:00 serverenterprise sshd[3816]: pam_unix(sshd:auth): authentication failure; logname= uid=0 euid=0 tty=ssh ruser= rhost=212.12.31.69 
2024-07-29T04:43:01.984786+00:00 serverenterprise sshd[3816]: Failed password for invalid user alex from 212.12.31.69 port 42532 ssh2
2024-07-29T04:43:03.613237+00:00 serverenterprise sshd[3816]: Received disconnect from 212.12.31.69 port 42532:11: Bye Bye [preauth]
2024-07-29T04:43:03.613432+00:00 serverenterprise sshd[3816]: Disconnected from invalid user alex 212.12.31.69 port 42532 [preauth]
2024-07-29T04:43:05.965461+00:00 serverenterprise sshd[3818]: pam_unix(sshd:auth): authentication failure; logname= uid=0 euid=0 tty=ssh ruser= rhost=172.174.154.119  user=root
2024-07-29T04:43:07.615378+00:00 serverenterprise sshd[3818]: Failed password for root from 172.174.154.119 port 56396 ssh2
2024-07-29T04:43:07.698006+00:00 serverenterprise sshd[3818]: Received disconnect from 172.174.154.119 port 56396:11: Bye Bye [preauth]
2024-07-29T04:43:07.698165+00:00 serverenterprise sshd[3818]: Disconnected from authenticating user root 172.174.154.119 port 56396 [preauth]
2024-07-29T04:43:09.377825+00:00 serverenterprise sshd[3820]: Invalid user alex from 51.91.103.16 port 33188
2024-07-29T04:43:09.382140+00:00 serverenterprise sshd[3820]: pam_unix(sshd:auth): check pass; user unknown
2024-07-29T04:43:09.382352+00:00 serverenterprise sshd[3820]: pam_unix(sshd:auth): authentication failure; logname= uid=0 euid=0 tty=ssh ruser= rhost=51.91.103.16 
2024-07-29T04:43:11.248734+00:00 serverenterprise sshd[3820]: Failed password for invalid user alex from 51.91.103.16 port 33188 ssh2
2024-07-29T04:43:11.262201+00:00 serverenterprise sshd[3822]: pam_unix(sshd:auth): authentication failure; logname= uid=0 euid=0 tty=ssh ruser= rhost=62.210.207.222  user=root
2024-07-29T04:43:11.472367+00:00 serverenterprise sshd[3820]: Received disconnect from 51.91.103.16 port 33188:11: Bye Bye [preauth]
2024-07-29T04:43:11.472479+00:00 serverenterprise sshd[3820]: Disconnected from invalid user alex 51.91.103.16 port 33188 [preauth]
2024-07-29T04:43:13.403243+00:00 serverenterprise sshd[3822]: Failed password for root from 62.210.207.222 port 33698 ssh2
2024-07-29T04:43:14.790677+00:00 serverenterprise sshd[3822]: Received disconnect from 62.210.207.222 port 33698:11: Bye Bye [preauth]
2024-07-29T04:43:14.790798+00:00 serverenterprise sshd[3822]: Disconnected from authenticating user root 62.210.207.222 port 33698 [preauth]
2024-07-29T04:43:22.675890+00:00 serverenterprise sshd[3825]: pam_unix(sshd:auth): authentication failure; logname= uid=0 euid=0 tty=ssh ruser= rhost=36.139.107.243  user=root
2024-07-29T04:43:24.993208+00:00 serverenterprise sshd[3825]: Failed password for root from 36.139.107.243 port 51362 ssh2
2024-07-29T04:43:26.362258+00:00 serverenterprise sshd[3825]: Received disconnect from 36.139.107.243 port 51362:11: Bye Bye [preauth]
2024-07-29T04:43:26.362384+00:00 serverenterprise sshd[3825]: Disconnected from authenticating user root 36.139.107.243 port 51362 [preauth]
2024-07-29T04:43:29.604259+00:00 serverenterprise sshd[3827]: Invalid user ubuntu from 157.245.102.141 port 43886
2024-07-29T04:43:29.608372+00:00 serverenterprise sshd[3827]: pam_unix(sshd:auth): check pass; user unknown
2024-07-29T04:43:29.608579+00:00 serverenterprise sshd[3827]: pam_unix(sshd:auth): authentication failure; logname= uid=0 euid=0 tty=ssh ruser= rhost=157.245.102.141 
2024-07-29T04:43:31.554101+00:00 serverenterprise sshd[3827]: Failed password for invalid user ubuntu from 157.245.102.141 port 43886 ssh2
2024-07-29T04:43:32.130720+00:00 serverenterprise sshd[3827]: Received disconnect from 157.245.102.141 port 43886:11: Bye Bye [preauth]
2024-07-29T04:43:32.130882+00:00 serverenterprise sshd[3827]: Disconnected from invalid user ubuntu 157.245.102.141 port 43886 [preauth]
2024-07-29T04:43:36.586669+00:00 serverenterprise sshd[3830]: Invalid user ubuntu from 222.253.40.231 port 46980
2024-07-29T04:43:36.591133+00:00 serverenterprise sshd[3830]: pam_unix(sshd:auth): check pass; user unknown
2024-07-29T04:43:36.591277+00:00 serverenterprise sshd[3830]: pam_unix(sshd:auth): authentication failure; logname= uid=0 euid=0 tty=ssh ruser= rhost=222.253.40.231 
2024-07-29T04:43:39.164390+00:00 serverenterprise sshd[3830]: Failed password for invalid user ubuntu from 222.253.40.231 port 46980 ssh2
2024-07-29T04:43:40.928048+00:00 serverenterprise sshd[3832]: Invalid user server3 from 212.12.31.69 port 56252
2024-07-29T04:43:40.930875+00:00 serverenterprise sshd[3832]: pam_unix(sshd:auth): check pass; user unknown
2024-07-29T04:43:40.931032+00:00 serverenterprise sshd[3832]: pam_unix(sshd:auth): authentication failure; logname= uid=0 euid=0 tty=ssh ruser= rhost=212.12.31.69 
2024-07-29T04:43:41.476226+00:00 serverenterprise sshd[3830]: Received disconnect from 222.253.40.231 port 46980:11: Bye Bye [preauth]
2024-07-29T04:43:41.476573+00:00 serverenterprise sshd[3830]: Disconnected from invalid user ubuntu 222.253.40.231 port 46980 [preauth]
2024-07-29T04:43:42.384298+00:00 serverenterprise sshd[3832]: Failed password for invalid user server3 from 212.12.31.69 port 56252 ssh2
2024-07-29T04:43:42.989028+00:00 serverenterprise sshd[3832]: Received disconnect from 212.12.31.69 port 56252:11: Bye Bye [preauth]
2024-07-29T04:43:42.989158+00:00 serverenterprise sshd[3832]: Disconnected from invalid user server3 212.12.31.69 port 56252 [preauth]
2024-07-29T04:43:45.361320+00:00 serverenterprise sshd[3834]: Invalid user test from 137.220.191.188 port 40078
2024-07-29T04:43:45.365606+00:00 serverenterprise sshd[3834]: pam_unix(sshd:auth): check pass; user unknown
2024-07-29T04:43:45.365843+00:00 serverenterprise sshd[3834]: pam_unix(sshd:auth): authentication failure; logname= uid=0 euid=0 tty=ssh ruser= rhost=137.220.191.188 
2024-07-29T04:43:47.507579+00:00 serverenterprise sshd[3834]: Failed password for invalid user test from 137.220.191.188 port 40078 ssh2
2024-07-29T04:43:49.595246+00:00 serverenterprise sshd[3834]: Received disconnect from 137.220.191.188 port 40078:11: Bye Bye [preauth]
2024-07-29T04:43:49.595404+00:00 serverenterprise sshd[3834]: Disconnected from invalid user test 137.220.191.188 port 40078 [preauth]
2024-07-29T04:43:51.907464+00:00 serverenterprise sshd[3836]: pam_unix(sshd:auth): authentication failure; logname= uid=0 euid=0 tty=ssh ruser= rhost=51.91.103.16  user=root
2024-07-29T04:43:52.676194+00:00 serverenterprise sshd[3838]: Invalid user git from 62.210.207.222 port 55082
2024-07-29T04:43:52.679480+00:00 serverenterprise sshd[3838]: pam_unix(sshd:auth): check pass; user unknown
2024-07-29T04:43:52.679680+00:00 serverenterprise sshd[3838]: pam_unix(sshd:auth): authentication failure; logname= uid=0 euid=0 tty=ssh ruser= rhost=62.210.207.222 
2024-07-29T04:43:53.873692+00:00 serverenterprise sshd[3836]: Failed password for root from 51.91.103.16 port 50198 ssh2
2024-07-29T04:43:54.449614+00:00 serverenterprise sshd[3838]: Failed password for invalid user git from 62.210.207.222 port 55082 ssh2
2024-07-29T04:43:55.382805+00:00 serverenterprise sshd[3838]: Received disconnect from 62.210.207.222 port 55082:11: Bye Bye [preauth]
2024-07-29T04:43:55.383000+00:00 serverenterprise sshd[3838]: Disconnected from invalid user git 62.210.207.222 port 55082 [preauth]
2024-07-29T04:43:55.433881+00:00 serverenterprise sshd[3836]: Received disconnect from 51.91.103.16 port 50198:11: Bye Bye [preauth]
2024-07-29T04:43:55.434961+00:00 serverenterprise sshd[3836]: Disconnected from authenticating user root 51.91.103.16 port 50198 [preauth]
2024-07-29T04:44:01.950103+00:00 serverenterprise sshd[3840]: Invalid user server3 from 172.174.154.119 port 37982
2024-07-29T04:44:01.954397+00:00 serverenterprise sshd[3840]: pam_unix(sshd:auth): check pass; user unknown
2024-07-29T04:44:01.954627+00:00 serverenterprise sshd[3840]: pam_unix(sshd:auth): authentication failure; logname= uid=0 euid=0 tty=ssh ruser= rhost=172.174.154.119 
2024-07-29T04:44:03.293337+00:00 serverenterprise sshd[3840]: Failed password for invalid user server3 from 172.174.154.119 port 37982 ssh2
2024-07-29T04:44:03.907730+00:00 serverenterprise sshd[3840]: Received disconnect from 172.174.154.119 port 37982:11: Bye Bye [preauth]
2024-07-29T04:44:03.907887+00:00 serverenterprise sshd[3840]: Disconnected from invalid user server3 172.174.154.119 port 37982 [preauth]
2024-07-29T04:44:16.666568+00:00 serverenterprise sshd[3842]: Invalid user ubuntu from 157.245.102.141 port 51264
2024-07-29T04:44:16.670113+00:00 serverenterprise sshd[3842]: pam_unix(sshd:auth): check pass; user unknown
2024-07-29T04:44:16.670257+00:00 serverenterprise sshd[3842]: pam_unix(sshd:auth): authentication failure; logname= uid=0 euid=0 tty=ssh ruser= rhost=157.245.102.141 
2024-07-29T04:44:17.072777+00:00 serverenterprise sshd[3844]: pam_unix(sshd:auth): authentication failure; logname= uid=0 euid=0 tty=ssh ruser= rhost=36.139.107.243  user=root
2024-07-29T04:44:18.399703+00:00 serverenterprise sshd[3842]: Failed password for invalid user ubuntu from 157.245.102.141 port 51264 ssh2
2024-07-29T04:44:18.607507+00:00 serverenterprise sshd[3844]: Failed password for root from 36.139.107.243 port 36222 ssh2
2024-07-29T04:44:19.023333+00:00 serverenterprise sshd[3844]: Received disconnect from 36.139.107.243 port 36222:11: Bye Bye [preauth]
2024-07-29T04:44:19.023961+00:00 serverenterprise sshd[3844]: Disconnected from authenticating user root 36.139.107.243 port 36222 [preauth]
2024-07-29T04:44:19.231725+00:00 serverenterprise sshd[3842]: Received disconnect from 157.245.102.141 port 51264:11: Bye Bye [preauth]
2024-07-29T04:44:19.233163+00:00 serverenterprise sshd[3842]: Disconnected from invalid user ubuntu 157.245.102.141 port 51264 [preauth]
2024-07-29T04:44:22.693309+00:00 serverenterprise sshd[3846]: pam_unix(sshd:auth): authentication failure; logname= uid=0 euid=0 tty=ssh ruser= rhost=212.12.31.69  user=root
2024-07-29T04:44:24.246483+00:00 serverenterprise sshd[3846]: Failed password for root from 212.12.31.69 port 41746 ssh2
2024-07-29T04:44:24.533019+00:00 serverenterprise sshd[3846]: Received disconnect from 212.12.31.69 port 41746:11: Bye Bye [preauth]
2024-07-29T04:44:24.533142+00:00 serverenterprise sshd[3846]: Disconnected from authenticating user root 212.12.31.69 port 41746 [preauth]
2024-07-29T04:44:31.307102+00:00 serverenterprise sshd[3848]: pam_unix(sshd:auth): authentication failure; logname= uid=0 euid=0 tty=ssh ruser= rhost=62.210.207.222  user=root
2024-07-29T04:44:33.408581+00:00 serverenterprise sshd[3850]: pam_unix(sshd:auth): authentication failure; logname= uid=0 euid=0 tty=ssh ruser= rhost=222.253.40.231  user=root
2024-07-29T04:44:33.428850+00:00 serverenterprise sshd[3848]: Failed password for root from 62.210.207.222 port 38934 ssh2
2024-07-29T04:44:34.831813+00:00 serverenterprise sshd[3848]: Received disconnect from 62.210.207.222 port 38934:11: Bye Bye [preauth]
2024-07-29T04:44:34.833461+00:00 serverenterprise sshd[3848]: Disconnected from authenticating user root 62.210.207.222 port 38934 [preauth]
2024-07-29T04:44:35.473754+00:00 serverenterprise sshd[3850]: Failed password for root from 222.253.40.231 port 49106 ssh2
2024-07-29T04:44:35.930435+00:00 serverenterprise sshd[3852]: Invalid user security from 121.162.147.204 port 55372
2024-07-29T04:44:35.934398+00:00 serverenterprise sshd[3852]: pam_unix(sshd:auth): check pass; user unknown
2024-07-29T04:44:35.934522+00:00 serverenterprise sshd[3852]: pam_unix(sshd:auth): authentication failure; logname= uid=0 euid=0 tty=ssh ruser= rhost=121.162.147.204 
2024-07-29T04:44:37.103309+00:00 serverenterprise sshd[3850]: Received disconnect from 222.253.40.231 port 49106:11: Bye Bye [preauth]
2024-07-29T04:44:37.103460+00:00 serverenterprise sshd[3850]: Disconnected from authenticating user root 222.253.40.231 port 49106 [preauth]
2024-07-29T04:44:37.940537+00:00 serverenterprise sshd[3852]: Failed password for invalid user security from 121.162.147.204 port 55372 ssh2
2024-07-29T04:44:38.252768+00:00 serverenterprise sshd[3854]: pam_unix(sshd:auth): authentication failure; logname= uid=0 euid=0 tty=ssh ruser= rhost=51.91.103.16  user=root
2024-07-29T04:44:38.656370+00:00 serverenterprise sshd[3852]: Connection closed by invalid user security 121.162.147.204 port 55372 [preauth]
2024-07-29T04:44:40.003042+00:00 serverenterprise sshd[3854]: Failed password for root from 51.91.103.16 port 49074 ssh2
2024-07-29T04:44:41.786041+00:00 serverenterprise sshd[3854]: Received disconnect from 51.91.103.16 port 49074:11: Bye Bye [preauth]
2024-07-29T04:44:41.786159+00:00 serverenterprise sshd[3854]: Disconnected from authenticating user root 51.91.103.16 port 49074 [preauth]
2024-07-29T04:44:52.413337+00:00 serverenterprise sshd[3856]: pam_unix(sshd:auth): authentication failure; logname= uid=0 euid=0 tty=ssh ruser= rhost=137.220.191.188  user=root
2024-07-29T04:44:54.417746+00:00 serverenterprise sshd[3856]: Failed password for root from 137.220.191.188 port 56624 ssh2
2024-07-29T04:44:56.011415+00:00 serverenterprise sshd[3856]: Received disconnect from 137.220.191.188 port 56624:11: Bye Bye [preauth]
2024-07-29T04:44:56.013086+00:00 serverenterprise sshd[3856]: Disconnected from authenticating user root 137.220.191.188 port 56624 [preauth]
2024-07-29T04:44:56.846243+00:00 serverenterprise sshd[3858]: pam_unix(sshd:auth): authentication failure; logname= uid=0 euid=0 tty=ssh ruser= rhost=172.174.154.119  user=root
2024-07-29T04:44:58.400873+00:00 serverenterprise sshd[3858]: Failed password for root from 172.174.154.119 port 47414 ssh2
2024-07-29T04:44:58.573024+00:00 serverenterprise sshd[3858]: Received disconnect from 172.174.154.119 port 47414:11: Bye Bye [preauth]
2024-07-29T04:44:58.573198+00:00 serverenterprise sshd[3858]: Disconnected from authenticating user root 172.174.154.119 port 47414 [preauth]
2024-07-29T04:45:01.858517+00:00 serverenterprise CRON[3862]: pam_unix(cron:session): session opened for user root(uid=0) by root(uid=0)
2024-07-29T04:45:01.865046+00:00 serverenterprise CRON[3862]: pam_unix(cron:session): session closed for user root
2024-07-29T04:45:01.876350+00:00 serverenterprise sshd[3860]: pam_unix(sshd:auth): authentication failure; logname= uid=0 euid=0 tty=ssh ruser= rhost=157.245.102.141  user=root
2024-07-29T04:45:02.935132+00:00 serverenterprise sshd[3865]: pam_unix(sshd:auth): authentication failure; logname= uid=0 euid=0 tty=ssh ruser= rhost=212.12.31.69  user=root
2024-07-29T04:45:03.451223+00:00 serverenterprise sshd[3860]: Failed password for root from 157.245.102.141 port 35746 ssh2
2024-07-29T04:45:03.841014+00:00 serverenterprise sshd[3860]: Received disconnect from 157.245.102.141 port 35746:11: Bye Bye [preauth]
2024-07-29T04:45:03.841188+00:00 serverenterprise sshd[3860]: Disconnected from authenticating user root 157.245.102.141 port 35746 [preauth]
2024-07-29T04:45:04.314029+00:00 serverenterprise sshd[3865]: Failed password for root from 212.12.31.69 port 55470 ssh2
2024-07-29T04:45:04.768143+00:00 serverenterprise sshd[3865]: Received disconnect from 212.12.31.69 port 55470:11: Bye Bye [preauth]
2024-07-29T04:45:04.768293+00:00 serverenterprise sshd[3865]: Disconnected from authenticating user root 212.12.31.69 port 55470 [preauth]
2024-07-29T04:45:09.886257+00:00 serverenterprise sshd[3869]: Invalid user server3 from 62.210.207.222 port 35816
2024-07-29T04:45:09.889432+00:00 serverenterprise sshd[3869]: pam_unix(sshd:auth): check pass; user unknown
2024-07-29T04:45:09.889591+00:00 serverenterprise sshd[3869]: pam_unix(sshd:auth): authentication failure; logname= uid=0 euid=0 tty=ssh ruser= rhost=62.210.207.222 
2024-07-29T04:45:10.384122+00:00 serverenterprise sshd[3867]: pam_unix(sshd:auth): authentication failure; logname= uid=0 euid=0 tty=ssh ruser= rhost=36.139.107.243  user=root
2024-07-29T04:45:11.896098+00:00 serverenterprise sshd[3869]: Failed password for invalid user server3 from 62.210.207.222 port 35816 ssh2
2024-07-29T04:45:12.194883+00:00 serverenterprise sshd[3867]: Failed password for root from 36.139.107.243 port 49314 ssh2
2024-07-29T04:45:13.860161+00:00 serverenterprise sshd[3869]: Received disconnect from 62.210.207.222 port 35816:11: Bye Bye [preauth]
2024-07-29T04:45:13.860286+00:00 serverenterprise sshd[3869]: Disconnected from invalid user server3 62.210.207.222 port 35816 [preauth]
2024-07-29T04:45:14.059946+00:00 serverenterprise sshd[3867]: Received disconnect from 36.139.107.243 port 49314:11: Bye Bye [preauth]
2024-07-29T04:45:14.061056+00:00 serverenterprise sshd[3867]: Disconnected from authenticating user root 36.139.107.243 port 49314 [preauth]
2024-07-29T04:45:17.408283+00:00 serverenterprise sshd[3874]: pam_unix(sshd:auth): authentication failure; logname= uid=0 euid=0 tty=ssh ruser= rhost=51.91.103.16  user=root
2024-07-29T04:45:19.183181+00:00 serverenterprise sshd[3874]: Failed password for root from 51.91.103.16 port 42320 ssh2
2024-07-29T04:45:20.944109+00:00 serverenterprise sshd[3874]: Received disconnect from 51.91.103.16 port 42320:11: Bye Bye [preauth]
2024-07-29T04:45:20.944269+00:00 serverenterprise sshd[3874]: Disconnected from authenticating user root 51.91.103.16 port 42320 [preauth]
2024-07-29T04:45:34.989857+00:00 serverenterprise sshd[3876]: pam_unix(sshd:auth): authentication failure; logname= uid=0 euid=0 tty=ssh ruser= rhost=222.253.40.231  user=root
2024-07-29T04:45:37.096213+00:00 serverenterprise sshd[3876]: Failed password for root from 222.253.40.231 port 47700 ssh2
2024-07-29T04:45:38.681255+00:00 serverenterprise sshd[3876]: Received disconnect from 222.253.40.231 port 47700:11: Bye Bye [preauth]
2024-07-29T04:45:38.681401+00:00 serverenterprise sshd[3876]: Disconnected from authenticating user root 222.253.40.231 port 47700 [preauth]
2024-07-29T04:45:48.167837+00:00 serverenterprise sshd[3878]: pam_unix(sshd:auth): authentication failure; logname= uid=0 euid=0 tty=ssh ruser= rhost=212.12.31.69  user=root
2024-07-29T04:45:48.991303+00:00 serverenterprise sshd[3880]: pam_unix(sshd:auth): authentication failure; logname= uid=0 euid=0 tty=ssh ruser= rhost=157.245.102.141  user=root
2024-07-29T04:45:49.862745+00:00 serverenterprise sshd[3878]: Failed password for root from 212.12.31.69 port 40970 ssh2
2024-07-29T04:45:50.001554+00:00 serverenterprise sshd[3878]: Received disconnect from 212.12.31.69 port 40970:11: Bye Bye [preauth]
2024-07-29T04:45:50.002974+00:00 serverenterprise sshd[3878]: Disconnected from authenticating user root 212.12.31.69 port 40970 [preauth]
2024-07-29T04:45:50.686176+00:00 serverenterprise sshd[3880]: Failed password for root from 157.245.102.141 port 57380 ssh2
2024-07-29T04:45:50.948013+00:00 serverenterprise sshd[3880]: Received disconnect from 157.245.102.141 port 57380:11: Bye Bye [preauth]
2024-07-29T04:45:50.948113+00:00 serverenterprise sshd[3880]: Disconnected from authenticating user root 157.245.102.141 port 57380 [preauth]
2024-07-29T04:45:52.209853+00:00 serverenterprise sshd[3882]: pam_unix(sshd:auth): authentication failure; logname= uid=0 euid=0 tty=ssh ruser= rhost=172.174.154.119  user=root
2024-07-29T04:45:54.456572+00:00 serverenterprise sshd[3882]: Failed password for root from 172.174.154.119 port 36190 ssh2
2024-07-29T04:45:55.506073+00:00 serverenterprise sshd[3884]: pam_unix(sshd:auth): authentication failure; logname= uid=0 euid=0 tty=ssh ruser= rhost=62.210.207.222  user=root
2024-07-29T04:45:55.661873+00:00 serverenterprise sshd[3882]: Received disconnect from 172.174.154.119 port 36190:11: Bye Bye [preauth]
2024-07-29T04:45:55.662021+00:00 serverenterprise sshd[3882]: Disconnected from authenticating user root 172.174.154.119 port 36190 [preauth]
2024-07-29T04:45:57.496643+00:00 serverenterprise sshd[3884]: Failed password for root from 62.210.207.222 port 33072 ssh2
2024-07-29T04:45:59.031513+00:00 serverenterprise sshd[3884]: Received disconnect from 62.210.207.222 port 33072:11: Bye Bye [preauth]
2024-07-29T04:45:59.031780+00:00 serverenterprise sshd[3884]: Disconnected from authenticating user root 62.210.207.222 port 33072 [preauth]
2024-07-29T04:45:59.601219+00:00 serverenterprise sshd[3888]: pam_unix(sshd:auth): authentication failure; logname= uid=0 euid=0 tty=ssh ruser= rhost=51.91.103.16  user=root
2024-07-29T04:45:59.852134+00:00 serverenterprise sshd[3886]: pam_unix(sshd:auth): authentication failure; logname= uid=0 euid=0 tty=ssh ruser= rhost=137.220.191.188  user=root
2024-07-29T04:46:01.140234+00:00 serverenterprise sshd[3888]: Failed password for root from 51.91.103.16 port 33458 ssh2
2024-07-29T04:46:01.389785+00:00 serverenterprise sshd[3886]: Failed password for root from 137.220.191.188 port 44922 ssh2
2024-07-29T04:46:01.411884+00:00 serverenterprise sshd[3888]: Received disconnect from 51.91.103.16 port 33458:11: Bye Bye [preauth]
2024-07-29T04:46:01.412022+00:00 serverenterprise sshd[3888]: Disconnected from authenticating user root 51.91.103.16 port 33458 [preauth]
2024-07-29T04:46:01.726204+00:00 serverenterprise sshd[3886]: Received disconnect from 137.220.191.188 port 44922:11: Bye Bye [preauth]
2024-07-29T04:46:01.726315+00:00 serverenterprise sshd[3886]: Disconnected from authenticating user root 137.220.191.188 port 44922 [preauth]
2024-07-29T04:46:07.172645+00:00 serverenterprise sshd[3890]: Invalid user test from 36.139.107.243 port 34176
2024-07-29T04:46:07.176621+00:00 serverenterprise sshd[3890]: pam_unix(sshd:auth): check pass; user unknown
2024-07-29T04:46:07.176950+00:00 serverenterprise sshd[3890]: pam_unix(sshd:auth): authentication failure; logname= uid=0 euid=0 tty=ssh ruser= rhost=36.139.107.243 
2024-07-29T04:46:09.148107+00:00 serverenterprise sshd[3890]: Failed password for invalid user test from 36.139.107.243 port 34176 ssh2
2024-07-29T04:46:09.456046+00:00 serverenterprise sshd[3890]: Received disconnect from 36.139.107.243 port 34176:11: Bye Bye [preauth]
2024-07-29T04:46:09.456150+00:00 serverenterprise sshd[3890]: Disconnected from invalid user test 36.139.107.243 port 34176 [preauth]
2024-07-29T04:46:31.384773+00:00 serverenterprise sshd[3892]: pam_unix(sshd:auth): authentication failure; logname= uid=0 euid=0 tty=ssh ruser= rhost=212.12.31.69  user=root
2024-07-29T04:46:33.315549+00:00 serverenterprise sshd[3892]: Failed password for root from 212.12.31.69 port 54694 ssh2
2024-07-29T04:46:34.945986+00:00 serverenterprise sshd[3892]: Received disconnect from 212.12.31.69 port 54694:11: Bye Bye [preauth]
2024-07-29T04:46:34.946147+00:00 serverenterprise sshd[3892]: Disconnected from authenticating user root 212.12.31.69 port 54694 [preauth]
2024-07-29T04:46:36.065750+00:00 serverenterprise sshd[3894]: pam_unix(sshd:auth): authentication failure; logname= uid=0 euid=0 tty=ssh ruser= rhost=222.253.40.231  user=root
2024-07-29T04:46:36.561542+00:00 serverenterprise sshd[3896]: pam_unix(sshd:auth): authentication failure; logname= uid=0 euid=0 tty=ssh ruser= rhost=62.210.207.222  user=root
2024-07-29T04:46:37.354144+00:00 serverenterprise sshd[3898]: pam_unix(sshd:auth): authentication failure; logname= uid=0 euid=0 tty=ssh ruser= rhost=157.245.102.141  user=root
2024-07-29T04:46:37.685276+00:00 serverenterprise sshd[3894]: Failed password for root from 222.253.40.231 port 58682 ssh2
2024-07-29T04:46:38.035541+00:00 serverenterprise sshd[3894]: Received disconnect from 222.253.40.231 port 58682:11: Bye Bye [preauth]
2024-07-29T04:46:38.035662+00:00 serverenterprise sshd[3894]: Disconnected from authenticating user root 222.253.40.231 port 58682 [preauth]
2024-07-29T04:46:38.180740+00:00 serverenterprise sshd[3896]: Failed password for root from 62.210.207.222 port 43176 ssh2
2024-07-29T04:46:38.365472+00:00 serverenterprise sshd[3896]: Received disconnect from 62.210.207.222 port 43176:11: Bye Bye [preauth]
2024-07-29T04:46:38.365606+00:00 serverenterprise sshd[3896]: Disconnected from authenticating user root 62.210.207.222 port 43176 [preauth]
2024-07-29T04:46:39.444797+00:00 serverenterprise sshd[3898]: Failed password for root from 157.245.102.141 port 52488 ssh2
2024-07-29T04:46:41.004024+00:00 serverenterprise sshd[3898]: Received disconnect from 157.245.102.141 port 52488:11: Bye Bye [preauth]
2024-07-29T04:46:41.004156+00:00 serverenterprise sshd[3898]: Disconnected from authenticating user root 157.245.102.141 port 52488 [preauth]
2024-07-29T04:46:44.457156+00:00 serverenterprise sshd[3900]: Invalid user git from 51.91.103.16 port 45374
2024-07-29T04:46:44.460388+00:00 serverenterprise sshd[3900]: pam_unix(sshd:auth): check pass; user unknown
2024-07-29T04:46:44.460554+00:00 serverenterprise sshd[3900]: pam_unix(sshd:auth): authentication failure; logname= uid=0 euid=0 tty=ssh ruser= rhost=51.91.103.16 
2024-07-29T04:46:46.175866+00:00 serverenterprise sshd[3900]: Failed password for invalid user git from 51.91.103.16 port 45374 ssh2
2024-07-29T04:46:47.166715+00:00 serverenterprise sshd[3900]: Received disconnect from 51.91.103.16 port 45374:11: Bye Bye [preauth]
2024-07-29T04:46:47.166951+00:00 serverenterprise sshd[3900]: Disconnected from invalid user git 51.91.103.16 port 45374 [preauth]
2024-07-29T04:46:48.410717+00:00 serverenterprise sshd[3902]: pam_unix(sshd:auth): authentication failure; logname= uid=0 euid=0 tty=ssh ruser= rhost=172.174.154.119  user=root
2024-07-29T04:46:50.009691+00:00 serverenterprise sshd[3902]: Failed password for root from 172.174.154.119 port 46092 ssh2
2024-07-29T04:46:50.138579+00:00 serverenterprise sshd[3902]: Received disconnect from 172.174.154.119 port 46092:11: Bye Bye [preauth]
2024-07-29T04:46:50.138734+00:00 serverenterprise sshd[3902]: Disconnected from authenticating user root 172.174.154.119 port 46092 [preauth]
2024-07-29T04:47:00.951021+00:00 serverenterprise sshd[3904]: Invalid user server3 from 36.139.107.243 port 47270
2024-07-29T04:47:00.953447+00:00 serverenterprise sshd[3904]: pam_unix(sshd:auth): check pass; user unknown
2024-07-29T04:47:00.953594+00:00 serverenterprise sshd[3904]: pam_unix(sshd:auth): authentication failure; logname= uid=0 euid=0 tty=ssh ruser= rhost=36.139.107.243 
2024-07-29T04:47:02.533640+00:00 serverenterprise sshd[3904]: Failed password for invalid user server3 from 36.139.107.243 port 47270 ssh2
2024-07-29T04:47:03.135005+00:00 serverenterprise sshd[3904]: Received disconnect from 36.139.107.243 port 47270:11: Bye Bye [preauth]
2024-07-29T04:47:03.135175+00:00 serverenterprise sshd[3904]: Disconnected from invalid user server3 36.139.107.243 port 47270 [preauth]
2024-07-29T04:47:09.018310+00:00 serverenterprise sshd[3906]: pam_unix(sshd:auth): authentication failure; logname= uid=0 euid=0 tty=ssh ruser= rhost=137.220.191.188  user=root
2024-07-29T04:47:11.168583+00:00 serverenterprise sshd[3906]: Failed password for root from 137.220.191.188 port 33238 ssh2
2024-07-29T04:47:12.622819+00:00 serverenterprise sshd[3906]: Received disconnect from 137.220.191.188 port 33238:11: Bye Bye [preauth]
2024-07-29T04:47:12.623017+00:00 serverenterprise sshd[3906]: Disconnected from authenticating user root 137.220.191.188 port 33238 [preauth]
2024-07-29T04:47:15.048806+00:00 serverenterprise sshd[3908]: Invalid user deploy from 212.12.31.69 port 40190
2024-07-29T04:47:15.052679+00:00 serverenterprise sshd[3908]: pam_unix(sshd:auth): check pass; user unknown
2024-07-29T04:47:15.053094+00:00 serverenterprise sshd[3908]: pam_unix(sshd:auth): authentication failure; logname= uid=0 euid=0 tty=ssh ruser= rhost=212.12.31.69 
2024-07-29T04:47:17.360321+00:00 serverenterprise sshd[3908]: Failed password for invalid user deploy from 212.12.31.69 port 40190 ssh2
2024-07-29T04:47:18.961693+00:00 serverenterprise sshd[3910]: pam_unix(sshd:auth): authentication failure; logname= uid=0 euid=0 tty=ssh ruser= rhost=62.210.207.222  user=root
2024-07-29T04:47:19.262282+00:00 serverenterprise sshd[3908]: Received disconnect from 212.12.31.69 port 40190:11: Bye Bye [preauth]
2024-07-29T04:47:19.262406+00:00 serverenterprise sshd[3908]: Disconnected from invalid user deploy 212.12.31.69 port 40190 [preauth]
2024-07-29T04:47:21.348737+00:00 serverenterprise sshd[3910]: Failed password for root from 62.210.207.222 port 34536 ssh2
2024-07-29T04:47:22.490029+00:00 serverenterprise sshd[3910]: Received disconnect from 62.210.207.222 port 34536:11: Bye Bye [preauth]
2024-07-29T04:47:22.490163+00:00 serverenterprise sshd[3910]: Disconnected from authenticating user root 62.210.207.222 port 34536 [preauth]
2024-07-29T04:47:27.995180+00:00 serverenterprise sshd[3912]: pam_unix(sshd:auth): authentication failure; logname= uid=0 euid=0 tty=ssh ruser= rhost=157.245.102.141  user=root
2024-07-29T04:47:28.809387+00:00 serverenterprise sshd[3914]: Invalid user test from 51.91.103.16 port 33416
2024-07-29T04:47:28.812620+00:00 serverenterprise sshd[3914]: pam_unix(sshd:auth): check pass; user unknown
2024-07-29T04:47:28.812764+00:00 serverenterprise sshd[3914]: pam_unix(sshd:auth): authentication failure; logname= uid=0 euid=0 tty=ssh ruser= rhost=51.91.103.16 
2024-07-29T04:47:30.282038+00:00 serverenterprise sshd[3912]: Failed password for root from 157.245.102.141 port 43070 ssh2
2024-07-29T04:47:30.904127+00:00 serverenterprise sshd[3914]: Failed password for invalid user test from 51.91.103.16 port 33416 ssh2
2024-07-29T04:47:31.649163+00:00 serverenterprise sshd[3912]: Received disconnect from 157.245.102.141 port 43070:11: Bye Bye [preauth]
2024-07-29T04:47:31.649319+00:00 serverenterprise sshd[3912]: Disconnected from authenticating user root 157.245.102.141 port 43070 [preauth]
2024-07-29T04:47:32.983246+00:00 serverenterprise sshd[3914]: Received disconnect from 51.91.103.16 port 33416:11: Bye Bye [preauth]
2024-07-29T04:47:32.983394+00:00 serverenterprise sshd[3914]: Disconnected from invalid user test 51.91.103.16 port 33416 [preauth]
2024-07-29T04:47:34.786255+00:00 serverenterprise sshd[3916]: pam_unix(sshd:auth): authentication failure; logname= uid=0 euid=0 tty=ssh ruser= rhost=222.253.40.231  user=root
2024-07-29T04:47:37.368952+00:00 serverenterprise sshd[3916]: Failed password for root from 222.253.40.231 port 38880 ssh2
2024-07-29T04:47:38.487219+00:00 serverenterprise sshd[3916]: Received disconnect from 222.253.40.231 port 38880:11: Bye Bye [preauth]
2024-07-29T04:47:38.487357+00:00 serverenterprise sshd[3916]: Disconnected from authenticating user root 222.253.40.231 port 38880 [preauth]
2024-07-29T04:47:45.074443+00:00 serverenterprise sshd[3918]: Invalid user ubuntu from 172.174.154.119 port 54640
2024-07-29T04:47:45.078551+00:00 serverenterprise sshd[3918]: pam_unix(sshd:auth): check pass; user unknown
2024-07-29T04:47:45.078748+00:00 serverenterprise sshd[3918]: pam_unix(sshd:auth): authentication failure; logname= uid=0 euid=0 tty=ssh ruser= rhost=172.174.154.119 
2024-07-29T04:47:47.170106+00:00 serverenterprise sshd[3918]: Failed password for invalid user ubuntu from 172.174.154.119 port 54640 ssh2
2024-07-29T04:47:47.401006+00:00 serverenterprise sshd[3918]: Received disconnect from 172.174.154.119 port 54640:11: Bye Bye [preauth]
2024-07-29T04:47:47.401116+00:00 serverenterprise sshd[3918]: Disconnected from invalid user ubuntu 172.174.154.119 port 54640 [preauth]
2024-07-29T04:47:49.871053+00:00 serverenterprise sshd[3920]: pam_unix(sshd:auth): authentication failure; logname= uid=0 euid=0 tty=ssh ruser= rhost=36.139.107.243  user=root
2024-07-29T04:47:51.510746+00:00 serverenterprise sshd[3920]: Failed password for root from 36.139.107.243 port 60360 ssh2
2024-07-29T04:47:51.820078+00:00 serverenterprise sshd[3920]: Received disconnect from 36.139.107.243 port 60360:11: Bye Bye [preauth]
2024-07-29T04:47:51.820175+00:00 serverenterprise sshd[3920]: Disconnected from authenticating user root 36.139.107.243 port 60360 [preauth]
2024-07-29T04:48:00.723352+00:00 serverenterprise sshd[3922]: pam_unix(sshd:auth): authentication failure; logname= uid=0 euid=0 tty=ssh ruser= rhost=212.12.31.69  user=root
2024-07-29T04:48:02.253495+00:00 serverenterprise sshd[3924]: pam_unix(sshd:auth): authentication failure; logname= uid=0 euid=0 tty=ssh ruser= rhost=62.210.207.222  user=root
2024-07-29T04:48:02.538796+00:00 serverenterprise sshd[3922]: Failed password for root from 212.12.31.69 port 53924 ssh2
2024-07-29T04:48:04.277333+00:00 serverenterprise sshd[3922]: Received disconnect from 212.12.31.69 port 53924:11: Bye Bye [preauth]
2024-07-29T04:48:04.277677+00:00 serverenterprise sshd[3922]: Disconnected from authenticating user root 212.12.31.69 port 53924 [preauth]
2024-07-29T04:48:04.680513+00:00 serverenterprise sshd[3924]: Failed password for root from 62.210.207.222 port 36182 ssh2
2024-07-29T04:48:05.777399+00:00 serverenterprise sshd[3924]: Received disconnect from 62.210.207.222 port 36182:11: Bye Bye [preauth]
2024-07-29T04:48:05.777539+00:00 serverenterprise sshd[3924]: Disconnected from authenticating user root 62.210.207.222 port 36182 [preauth]
2024-07-29T04:48:16.529397+00:00 serverenterprise sshd[3926]: pam_unix(sshd:auth): authentication failure; logname= uid=0 euid=0 tty=ssh ruser= rhost=51.91.103.16  user=root
2024-07-29T04:48:18.876398+00:00 serverenterprise sshd[3926]: Failed password for root from 51.91.103.16 port 55204 ssh2
2024-07-29T04:48:19.484713+00:00 serverenterprise sshd[3928]: pam_unix(sshd:auth): authentication failure; logname= uid=0 euid=0 tty=ssh ruser= rhost=157.245.102.141  user=root
2024-07-29T04:48:20.058335+00:00 serverenterprise sshd[3926]: Received disconnect from 51.91.103.16 port 55204:11: Bye Bye [preauth]
2024-07-29T04:48:20.058511+00:00 serverenterprise sshd[3926]: Disconnected from authenticating user root 51.91.103.16 port 55204 [preauth]
2024-07-29T04:48:21.564417+00:00 serverenterprise sshd[3930]: pam_unix(sshd:auth): authentication failure; logname= uid=0 euid=0 tty=ssh ruser= rhost=137.220.191.188  user=root
2024-07-29T04:48:21.576146+00:00 serverenterprise sshd[3928]: Failed password for root from 157.245.102.141 port 43562 ssh2
2024-07-29T04:48:23.171587+00:00 serverenterprise sshd[3928]: Received disconnect from 157.245.102.141 port 43562:11: Bye Bye [preauth]
2024-07-29T04:48:23.171756+00:00 serverenterprise sshd[3928]: Disconnected from authenticating user root 157.245.102.141 port 43562 [preauth]
2024-07-29T04:48:23.931442+00:00 serverenterprise sshd[3930]: Failed password for root from 137.220.191.188 port 49782 ssh2
2024-07-29T04:48:25.156353+00:00 serverenterprise sshd[3930]: Received disconnect from 137.220.191.188 port 49782:11: Bye Bye [preauth]
2024-07-29T04:48:25.156531+00:00 serverenterprise sshd[3930]: Disconnected from authenticating user root 137.220.191.188 port 49782 [preauth]
2024-07-29T04:48:36.471848+00:00 serverenterprise sshd[3933]: pam_unix(sshd:auth): authentication failure; logname= uid=0 euid=0 tty=ssh ruser= rhost=222.253.40.231  user=root
2024-07-29T04:48:38.898257+00:00 serverenterprise sshd[3933]: Failed password for root from 222.253.40.231 port 65172 ssh2
2024-07-29T04:48:40.166196+00:00 serverenterprise sshd[3933]: Received disconnect from 222.253.40.231 port 65172:11: Bye Bye [preauth]
2024-07-29T04:48:40.166315+00:00 serverenterprise sshd[3933]: Disconnected from authenticating user root 222.253.40.231 port 65172 [preauth]
2024-07-29T04:48:40.437255+00:00 serverenterprise sshd[3935]: pam_unix(sshd:auth): authentication failure; logname= uid=0 euid=0 tty=ssh ruser= rhost=36.139.107.243  user=root
2024-07-29T04:48:42.377610+00:00 serverenterprise sshd[3937]: Invalid user guest from 103.76.14.32 port 53297
2024-07-29T04:48:42.381493+00:00 serverenterprise sshd[3937]: pam_unix(sshd:auth): check pass; user unknown
2024-07-29T04:48:42.381616+00:00 serverenterprise sshd[3937]: pam_unix(sshd:auth): authentication failure; logname= uid=0 euid=0 tty=ssh ruser= rhost=103.76.14.32 
2024-07-29T04:48:43.081021+00:00 serverenterprise sshd[3935]: Failed password for root from 36.139.107.243 port 45218 ssh2
2024-07-29T04:48:44.123254+00:00 serverenterprise sshd[3935]: Received disconnect from 36.139.107.243 port 45218:11: Bye Bye [preauth]
2024-07-29T04:48:44.123405+00:00 serverenterprise sshd[3935]: Disconnected from authenticating user root 36.139.107.243 port 45218 [preauth]
2024-07-29T04:48:44.297467+00:00 serverenterprise sshd[3937]: Failed password for invalid user guest from 103.76.14.32 port 53297 ssh2
2024-07-29T04:48:45.216410+00:00 serverenterprise sshd[3937]: Connection closed by invalid user guest 103.76.14.32 port 53297 [preauth]
2024-07-29T04:48:45.262528+00:00 serverenterprise sshd[3939]: Invalid user alex from 62.210.207.222 port 54016
2024-07-29T04:48:45.267107+00:00 serverenterprise sshd[3939]: pam_unix(sshd:auth): check pass; user unknown
2024-07-29T04:48:45.267319+00:00 serverenterprise sshd[3939]: pam_unix(sshd:auth): authentication failure; logname= uid=0 euid=0 tty=ssh ruser= rhost=62.210.207.222 
2024-07-29T04:48:47.186174+00:00 serverenterprise sshd[3941]: Invalid user test from 212.12.31.69 port 39428
2024-07-29T04:48:47.190514+00:00 serverenterprise sshd[3941]: pam_unix(sshd:auth): check pass; user unknown
2024-07-29T04:48:47.190694+00:00 serverenterprise sshd[3941]: pam_unix(sshd:auth): authentication failure; logname= uid=0 euid=0 tty=ssh ruser= rhost=212.12.31.69 
2024-07-29T04:48:47.594759+00:00 serverenterprise sshd[3939]: Failed password for invalid user alex from 62.210.207.222 port 54016 ssh2
2024-07-29T04:48:49.354216+00:00 serverenterprise sshd[3939]: Received disconnect from 62.210.207.222 port 54016:11: Bye Bye [preauth]
2024-07-29T04:48:49.354351+00:00 serverenterprise sshd[3939]: Disconnected from invalid user alex 62.210.207.222 port 54016 [preauth]
2024-07-29T04:48:49.462450+00:00 serverenterprise sshd[3941]: Failed password for invalid user test from 212.12.31.69 port 39428 ssh2
2024-07-29T04:48:51.390194+00:00 serverenterprise sshd[3941]: Received disconnect from 212.12.31.69 port 39428:11: Bye Bye [preauth]
2024-07-29T04:48:51.390313+00:00 serverenterprise sshd[3941]: Disconnected from invalid user test 212.12.31.69 port 39428 [preauth]
2024-07-29T04:48:56.377777+00:00 serverenterprise sshd[3943]: pam_unix(sshd:auth): authentication failure; logname= uid=0 euid=0 tty=ssh ruser= rhost=172.174.154.119  user=root
2024-07-29T04:48:58.549287+00:00 serverenterprise sshd[3943]: Failed password for root from 172.174.154.119 port 42284 ssh2
2024-07-29T04:48:59.830214+00:00 serverenterprise sshd[3943]: Received disconnect from 172.174.154.119 port 42284:11: Bye Bye [preauth]
2024-07-29T04:48:59.830346+00:00 serverenterprise sshd[3943]: Disconnected from authenticating user root 172.174.154.119 port 42284 [preauth]
2024-07-29T04:49:03.000564+00:00 serverenterprise sshd[3945]: pam_unix(sshd:auth): authentication failure; logname= uid=0 euid=0 tty=ssh ruser= rhost=51.91.103.16  user=root
2024-07-29T04:49:04.996531+00:00 serverenterprise sshd[3945]: Failed password for root from 51.91.103.16 port 49510 ssh2
2024-07-29T04:49:06.530340+00:00 serverenterprise sshd[3945]: Received disconnect from 51.91.103.16 port 49510:11: Bye Bye [preauth]
2024-07-29T04:49:06.530510+00:00 serverenterprise sshd[3945]: Disconnected from authenticating user root 51.91.103.16 port 49510 [preauth]
2024-07-29T04:49:09.554978+00:00 serverenterprise sshd[3947]: Invalid user docker from 157.245.102.141 port 34684
2024-07-29T04:49:09.559476+00:00 serverenterprise sshd[3947]: pam_unix(sshd:auth): check pass; user unknown
2024-07-29T04:49:09.559711+00:00 serverenterprise sshd[3947]: pam_unix(sshd:auth): authentication failure; logname= uid=0 euid=0 tty=ssh ruser= rhost=157.245.102.141 
2024-07-29T04:49:11.184304+00:00 serverenterprise sshd[3947]: Failed password for invalid user docker from 157.245.102.141 port 34684 ssh2
2024-07-29T04:49:12.047023+00:00 serverenterprise sshd[3947]: Received disconnect from 157.245.102.141 port 34684:11: Bye Bye [preauth]
2024-07-29T04:49:12.047219+00:00 serverenterprise sshd[3947]: Disconnected from invalid user docker 157.245.102.141 port 34684 [preauth]
2024-07-29T04:49:27.664585+00:00 serverenterprise sshd[3949]: pam_unix(sshd:auth): authentication failure; logname= uid=0 euid=0 tty=ssh ruser= rhost=62.210.207.222  user=root
2024-07-29T04:49:30.092304+00:00 serverenterprise sshd[3949]: Failed password for root from 62.210.207.222 port 38686 ssh2
2024-07-29T04:49:31.201983+00:00 serverenterprise sshd[3949]: Received disconnect from 62.210.207.222 port 38686:11: Bye Bye [preauth]
2024-07-29T04:49:31.202141+00:00 serverenterprise sshd[3949]: Disconnected from authenticating user root 62.210.207.222 port 38686 [preauth]
2024-07-29T04:49:31.266224+00:00 serverenterprise sshd[3951]: pam_unix(sshd:auth): authentication failure; logname= uid=0 euid=0 tty=ssh ruser= rhost=212.12.31.69  user=root
2024-07-29T04:49:32.911034+00:00 serverenterprise sshd[3951]: Failed password for root from 212.12.31.69 port 53154 ssh2
2024-07-29T04:49:33.101188+00:00 serverenterprise sshd[3951]: Received disconnect from 212.12.31.69 port 53154:11: Bye Bye [preauth]
2024-07-29T04:49:33.101347+00:00 serverenterprise sshd[3951]: Disconnected from authenticating user root 212.12.31.69 port 53154 [preauth]
2024-07-29T04:49:33.749126+00:00 serverenterprise sshd[3953]: pam_unix(sshd:auth): authentication failure; logname= uid=0 euid=0 tty=ssh ruser= rhost=137.220.191.188  user=root
2024-07-29T04:49:34.188970+00:00 serverenterprise sshd[3955]: pam_unix(sshd:auth): authentication failure; logname= uid=0 euid=0 tty=ssh ruser= rhost=36.139.107.243  user=root
2024-07-29T04:49:35.333505+00:00 serverenterprise sshd[3953]: Failed password for root from 137.220.191.188 port 38082 ssh2
2024-07-29T04:49:35.622806+00:00 serverenterprise sshd[3953]: Received disconnect from 137.220.191.188 port 38082:11: Bye Bye [preauth]
2024-07-29T04:49:35.622990+00:00 serverenterprise sshd[3953]: Disconnected from authenticating user root 137.220.191.188 port 38082 [preauth]
2024-07-29T04:49:35.830084+00:00 serverenterprise sshd[3957]: pam_unix(sshd:auth): authentication failure; logname= uid=0 euid=0 tty=ssh ruser= rhost=222.253.40.231  user=root
2024-07-29T04:49:36.909945+00:00 serverenterprise sshd[3955]: Failed password for root from 36.139.107.243 port 58310 ssh2
2024-07-29T04:49:37.871726+00:00 serverenterprise sshd[3955]: Received disconnect from 36.139.107.243 port 58310:11: Bye Bye [preauth]
2024-07-29T04:49:37.871959+00:00 serverenterprise sshd[3955]: Disconnected from authenticating user root 36.139.107.243 port 58310 [preauth]
2024-07-29T04:49:38.022459+00:00 serverenterprise sshd[3957]: Failed password for root from 222.253.40.231 port 48872 ssh2
2024-07-29T04:49:39.526259+00:00 serverenterprise sshd[3957]: Received disconnect from 222.253.40.231 port 48872:11: Bye Bye [preauth]
2024-07-29T04:49:39.526427+00:00 serverenterprise sshd[3957]: Disconnected from authenticating user root 222.253.40.231 port 48872 [preauth]
2024-07-29T04:49:46.141730+00:00 serverenterprise sshd[3959]: pam_unix(sshd:auth): authentication failure; logname= uid=0 euid=0 tty=ssh ruser= rhost=51.91.103.16  user=root
2024-07-29T04:49:48.845198+00:00 serverenterprise sshd[3959]: Failed password for root from 51.91.103.16 port 53222 ssh2
2024-07-29T04:49:49.676845+00:00 serverenterprise sshd[3959]: Received disconnect from 51.91.103.16 port 53222:11: Bye Bye [preauth]
2024-07-29T04:49:49.677057+00:00 serverenterprise sshd[3959]: Disconnected from authenticating user root 51.91.103.16 port 53222 [preauth]
2024-07-29T04:49:52.890156+00:00 serverenterprise sshd[3961]: pam_unix(sshd:auth): authentication failure; logname= uid=0 euid=0 tty=ssh ruser= rhost=172.174.154.119  user=root
2024-07-29T04:49:54.750623+00:00 serverenterprise sshd[3961]: Failed password for root from 172.174.154.119 port 40556 ssh2
2024-07-29T04:49:56.344413+00:00 serverenterprise sshd[3961]: Received disconnect from 172.174.154.119 port 40556:11: Bye Bye [preauth]
2024-07-29T04:49:56.344590+00:00 serverenterprise sshd[3961]: Disconnected from authenticating user root 172.174.154.119 port 40556 [preauth]
2024-07-29T04:49:58.314542+00:00 serverenterprise sshd[3963]: pam_unix(sshd:auth): authentication failure; logname= uid=0 euid=0 tty=ssh ruser= rhost=157.245.102.141  user=root
2024-07-29T04:50:00.997860+00:00 serverenterprise sshd[3963]: Failed password for root from 157.245.102.141 port 50072 ssh2
2024-07-29T04:50:01.971844+00:00 serverenterprise sshd[3963]: Received disconnect from 157.245.102.141 port 50072:11: Bye Bye [preauth]
2024-07-29T04:50:01.972048+00:00 serverenterprise sshd[3963]: Disconnected from authenticating user root 157.245.102.141 port 50072 [preauth]
2024-07-29T04:50:09.255542+00:00 serverenterprise sshd[3968]: pam_unix(sshd:auth): authentication failure; logname= uid=0 euid=0 tty=ssh ruser= rhost=62.210.207.222  user=root
2024-07-29T04:50:11.783169+00:00 serverenterprise sshd[3968]: Failed password for root from 62.210.207.222 port 38490 ssh2
2024-07-29T04:50:12.776988+00:00 serverenterprise sshd[3968]: Received disconnect from 62.210.207.222 port 38490:11: Bye Bye [preauth]
2024-07-29T04:50:12.777110+00:00 serverenterprise sshd[3968]: Disconnected from authenticating user root 62.210.207.222 port 38490 [preauth]
2024-07-29T04:50:17.475596+00:00 serverenterprise sshd[3970]: pam_unix(sshd:auth): authentication failure; logname= uid=0 euid=0 tty=ssh ruser= rhost=212.12.31.69  user=root
2024-07-29T04:50:19.100331+00:00 serverenterprise sshd[3970]: Failed password for root from 212.12.31.69 port 38648 ssh2
2024-07-29T04:50:19.307682+00:00 serverenterprise sshd[3970]: Received disconnect from 212.12.31.69 port 38648:11: Bye Bye [preauth]
2024-07-29T04:50:19.307800+00:00 serverenterprise sshd[3970]: Disconnected from authenticating user root 212.12.31.69 port 38648 [preauth]
2024-07-29T04:50:25.702562+00:00 serverenterprise sshd[3972]: pam_unix(sshd:auth): authentication failure; logname= uid=0 euid=0 tty=ssh ruser= rhost=36.139.107.243  user=root
2024-07-29T04:50:27.427191+00:00 serverenterprise sshd[3972]: Failed password for root from 36.139.107.243 port 43168 ssh2
2024-07-29T04:50:29.389225+00:00 serverenterprise sshd[3972]: Received disconnect from 36.139.107.243 port 43168:11: Bye Bye [preauth]
2024-07-29T04:50:29.389402+00:00 serverenterprise sshd[3972]: Disconnected from authenticating user root 36.139.107.243 port 43168 [preauth]
2024-07-29T04:50:32.319545+00:00 serverenterprise sshd[3974]: pam_unix(sshd:auth): authentication failure; logname= uid=0 euid=0 tty=ssh ruser= rhost=51.91.103.16  user=root
2024-07-29T04:50:34.671494+00:00 serverenterprise sshd[3974]: Failed password for root from 51.91.103.16 port 37858 ssh2
2024-07-29T04:50:35.702275+00:00 serverenterprise sshd[3976]: pam_unix(sshd:auth): authentication failure; logname= uid=0 euid=0 tty=ssh ruser= rhost=222.253.40.231  user=root
