2024-07-29T04:50:35.851690+00:00 serverenterprise sshd[3974]: Received disconnect from 51.91.103.16 port 37858:11: Bye Bye [preauth]
2024-07-29T04:50:35.851808+00:00 serverenterprise sshd[3974]: Disconnected from authenticating user root 51.91.103.16 port 37858 [preauth]
2024-07-29T04:50:37.797027+00:00 serverenterprise sshd[3976]: Failed password for root from 222.253.40.231 port 58788 ssh2
2024-07-29T04:50:39.403225+00:00 serverenterprise sshd[3976]: Received disconnect from 222.253.40.231 port 58788:11: Bye Bye [preauth]
2024-07-29T04:50:39.403352+00:00 serverenterprise sshd[3976]: Disconnected from authenticating user root 222.253.40.231 port 58788 [preauth]
2024-07-29T04:50:44.668300+00:00 serverenterprise sshd[3978]: pam_unix(sshd:auth): authentication failure; logname= uid=0 euid=0 tty=ssh ruser= rhost=137.220.191.188  user=root
2024-07-29T04:50:46.371588+00:00 serverenterprise sshd[3980]: pam_unix(sshd:auth): authentication failure; logname= uid=0 euid=0 tty=ssh ruser= rhost=157.245.102.141  user=root
2024-07-29T04:50:47.000253+00:00 serverenterprise sshd[3978]: Failed password for root from 137.220.191.188 port 54626 ssh2
2024-07-29T04:50:47.636393+00:00 serverenterprise sshd[3982]: Invalid user git from 172.174.154.119 port 35374
2024-07-29T04:50:47.640031+00:00 serverenterprise sshd[3982]: pam_unix(sshd:auth): check pass; user unknown
2024-07-29T04:50:47.640212+00:00 serverenterprise sshd[3982]: pam_unix(sshd:auth): authentication failure; logname= uid=0 euid=0 tty=ssh ruser= rhost=172.174.154.119 
2024-07-29T04:50:48.268243+00:00 serverenterprise sshd[3978]: Received disconnect from 137.220.191.188 port 54626:11: Bye Bye [preauth]
2024-07-29T04:50:48.268854+00:00 serverenterprise sshd[3978]: Disconnected from authenticating user root 137.220.191.188 port 54626 [preauth]
2024-07-29T04:50:48.643519+00:00 serverenterprise sshd[3980]: Failed password for root from 157.245.102.141 port 39740 ssh2
2024-07-29T04:50:48.863497+00:00 serverenterprise sshd[3984]: pam_unix(sshd:auth): authentication failure; logname= uid=0 euid=0 tty=ssh ruser= rhost=62.210.207.222  user=root
2024-07-29T04:50:49.385120+00:00 serverenterprise sshd[3982]: Failed password for invalid user git from 172.174.154.119 port 35374 ssh2
2024-07-29T04:50:50.057273+00:00 serverenterprise sshd[3980]: Received disconnect from 157.245.102.141 port 39740:11: Bye Bye [preauth]
2024-07-29T04:50:50.057430+00:00 serverenterprise sshd[3980]: Disconnected from authenticating user root 157.245.102.141 port 39740 [preauth]
2024-07-29T04:50:50.269382+00:00 serverenterprise sshd[3982]: Received disconnect from 172.174.154.119 port 35374:11: Bye Bye [preauth]
2024-07-29T04:50:50.270532+00:00 serverenterprise sshd[3982]: Disconnected from invalid user git 172.174.154.119 port 35374 [preauth]
2024-07-29T04:50:50.744003+00:00 serverenterprise sshd[3984]: Failed password for root from 62.210.207.222 port 47954 ssh2
2024-07-29T04:50:52.392820+00:00 serverenterprise sshd[3984]: Received disconnect from 62.210.207.222 port 47954:11: Bye Bye [preauth]
2024-07-29T04:50:52.392984+00:00 serverenterprise sshd[3984]: Disconnected from authenticating user root 62.210.207.222 port 47954 [preauth]
2024-07-29T04:50:58.404626+00:00 serverenterprise sshd[3986]: pam_unix(sshd:auth): authentication failure; logname= uid=0 euid=0 tty=ssh ruser= rhost=212.12.31.69  user=root
2024-07-29T04:51:00.325197+00:00 serverenterprise sshd[3986]: Failed password for root from 212.12.31.69 port 52370 ssh2
2024-07-29T04:51:01.961189+00:00 serverenterprise sshd[3986]: Received disconnect from 212.12.31.69 port 52370:11: Bye Bye [preauth]
2024-07-29T04:51:01.961448+00:00 serverenterprise sshd[3986]: Disconnected from authenticating user root 212.12.31.69 port 52370 [preauth]
2024-07-29T04:51:14.604821+00:00 serverenterprise sshd[3989]: pam_unix(sshd:auth): authentication failure; logname= uid=0 euid=0 tty=ssh ruser= rhost=51.91.103.16  user=root
2024-07-29T04:51:16.721193+00:00 serverenterprise sshd[3989]: Failed password for root from 51.91.103.16 port 39090 ssh2
2024-07-29T04:51:17.082346+00:00 serverenterprise sshd[3991]: pam_unix(sshd:auth): authentication failure; logname= uid=0 euid=0 tty=ssh ruser= rhost=36.139.107.243  user=root
2024-07-29T04:51:18.132736+00:00 serverenterprise sshd[3989]: Received disconnect from 51.91.103.16 port 39090:11: Bye Bye [preauth]
2024-07-29T04:51:18.132855+00:00 serverenterprise sshd[3989]: Disconnected from authenticating user root 51.91.103.16 port 39090 [preauth]
2024-07-29T04:51:18.276119+00:00 serverenterprise sshd[3991]: Failed password for root from 36.139.107.243 port 56260 ssh2
2024-07-29T04:51:19.040592+00:00 serverenterprise sshd[3991]: Received disconnect from 36.139.107.243 port 56260:11: Bye Bye [preauth]
2024-07-29T04:51:19.040740+00:00 serverenterprise sshd[3991]: Disconnected from authenticating user root 36.139.107.243 port 56260 [preauth]
2024-07-29T04:51:26.970289+00:00 serverenterprise sshd[3993]: Invalid user admin from 62.210.207.222 port 33356
2024-07-29T04:51:26.974561+00:00 serverenterprise sshd[3993]: pam_unix(sshd:auth): check pass; user unknown
2024-07-29T04:51:26.974795+00:00 serverenterprise sshd[3993]: pam_unix(sshd:auth): authentication failure; logname= uid=0 euid=0 tty=ssh ruser= rhost=62.210.207.222 
2024-07-29T04:51:29.071339+00:00 serverenterprise sshd[3993]: Failed password for invalid user admin from 62.210.207.222 port 33356 ssh2
2024-07-29T04:51:29.726623+00:00 serverenterprise sshd[3993]: Received disconnect from 62.210.207.222 port 33356:11: Bye Bye [preauth]
2024-07-29T04:51:29.726771+00:00 serverenterprise sshd[3993]: Disconnected from invalid user admin 62.210.207.222 port 33356 [preauth]
2024-07-29T04:51:35.450555+00:00 serverenterprise sshd[3988]: error: kex_exchange_identification: read: Connection reset by peer
2024-07-29T04:51:35.450894+00:00 serverenterprise sshd[3988]: Connection reset by 60.191.20.210 port 23456
2024-07-29T04:51:35.495284+00:00 serverenterprise sshd[3995]: Invalid user test from 157.245.102.141 port 54094
2024-07-29T04:51:35.499751+00:00 serverenterprise sshd[3995]: pam_unix(sshd:auth): check pass; user unknown
2024-07-29T04:51:35.500099+00:00 serverenterprise sshd[3995]: pam_unix(sshd:auth): authentication failure; logname= uid=0 euid=0 tty=ssh ruser= rhost=157.245.102.141 
2024-07-29T04:51:36.833362+00:00 serverenterprise sshd[3995]: Failed password for invalid user test from 157.245.102.141 port 54094 ssh2
2024-07-29T04:51:37.764987+00:00 serverenterprise sshd[3995]: Received disconnect from 157.245.102.141 port 54094:11: Bye Bye [preauth]
2024-07-29T04:51:37.765112+00:00 serverenterprise sshd[3995]: Disconnected from invalid user test 157.245.102.141 port 54094 [preauth]
2024-07-29T04:51:39.275852+00:00 serverenterprise sshd[3997]: pam_unix(sshd:auth): authentication failure; logname= uid=0 euid=0 tty=ssh ruser= rhost=212.12.31.69  user=root
2024-07-29T04:51:40.278893+00:00 serverenterprise sshd[3999]: pam_unix(sshd:auth): authentication failure; logname= uid=0 euid=0 tty=ssh ruser= rhost=222.253.40.231  user=root
2024-07-29T04:51:41.156201+00:00 serverenterprise sshd[3997]: Failed password for root from 212.12.31.69 port 37856 ssh2
2024-07-29T04:51:41.963764+00:00 serverenterprise sshd[3999]: Failed password for root from 222.253.40.231 port 59074 ssh2
2024-07-29T04:51:42.262045+00:00 serverenterprise sshd[3999]: Received disconnect from 222.253.40.231 port 59074:11: Bye Bye [preauth]
2024-07-29T04:51:42.262153+00:00 serverenterprise sshd[3999]: Disconnected from authenticating user root 222.253.40.231 port 59074 [preauth]
2024-07-29T04:51:42.842818+00:00 serverenterprise sshd[3997]: Received disconnect from 212.12.31.69 port 37856:11: Bye Bye [preauth]
2024-07-29T04:51:42.842967+00:00 serverenterprise sshd[3997]: Disconnected from authenticating user root 212.12.31.69 port 37856 [preauth]
2024-07-29T04:51:44.800003+00:00 serverenterprise sshd[4001]: pam_unix(sshd:auth): authentication failure; logname= uid=0 euid=0 tty=ssh ruser= rhost=172.174.154.119  user=root
2024-07-29T04:51:47.036586+00:00 serverenterprise sshd[4001]: Failed password for root from 172.174.154.119 port 45432 ssh2
2024-07-29T04:51:48.255195+00:00 serverenterprise sshd[4001]: Received disconnect from 172.174.154.119 port 45432:11: Bye Bye [preauth]
2024-07-29T04:51:48.255361+00:00 serverenterprise sshd[4001]: Disconnected from authenticating user root 172.174.154.119 port 45432 [preauth]
2024-07-29T04:51:54.766600+00:00 serverenterprise sshd[4003]: pam_unix(sshd:auth): authentication failure; logname= uid=0 euid=0 tty=ssh ruser= rhost=137.220.191.188  user=root
2024-07-29T04:51:55.066598+00:00 serverenterprise sshd[4005]: pam_unix(sshd:auth): authentication failure; logname= uid=0 euid=0 tty=ssh ruser= rhost=51.91.103.16  user=root
2024-07-29T04:51:56.374848+00:00 serverenterprise sshd[4003]: Failed password for root from 137.220.191.188 port 42928 ssh2
2024-07-29T04:51:56.638335+00:00 serverenterprise sshd[4003]: Received disconnect from 137.220.191.188 port 42928:11: Bye Bye [preauth]
2024-07-29T04:51:56.638437+00:00 serverenterprise sshd[4003]: Disconnected from authenticating user root 137.220.191.188 port 42928 [preauth]
2024-07-29T04:51:56.811457+00:00 serverenterprise sshd[4005]: Failed password for root from 51.91.103.16 port 50742 ssh2
2024-07-29T04:51:58.597264+00:00 serverenterprise sshd[4005]: Received disconnect from 51.91.103.16 port 50742:11: Bye Bye [preauth]
2024-07-29T04:51:58.597410+00:00 serverenterprise sshd[4005]: Disconnected from authenticating user root 51.91.103.16 port 50742 [preauth]
2024-07-29T04:52:05.638475+00:00 serverenterprise sshd[4009]: pam_unix(sshd:auth): authentication failure; logname= uid=0 euid=0 tty=ssh ruser= rhost=62.210.207.222  user=root
2024-07-29T04:52:05.778881+00:00 serverenterprise sshd[4007]: pam_unix(sshd:auth): authentication failure; logname= uid=0 euid=0 tty=ssh ruser= rhost=36.139.107.243  user=root
2024-07-29T04:52:07.423418+00:00 serverenterprise sshd[4009]: Failed password for root from 62.210.207.222 port 47698 ssh2
2024-07-29T04:52:07.563804+00:00 serverenterprise sshd[4007]: Failed password for root from 36.139.107.243 port 41116 ssh2
2024-07-29T04:52:09.163798+00:00 serverenterprise sshd[4009]: Received disconnect from 62.210.207.222 port 47698:11: Bye Bye [preauth]
2024-07-29T04:52:09.163954+00:00 serverenterprise sshd[4009]: Disconnected from authenticating user root 62.210.207.222 port 47698 [preauth]
2024-07-29T04:52:09.463013+00:00 serverenterprise sshd[4007]: Received disconnect from 36.139.107.243 port 41116:11: Bye Bye [preauth]
2024-07-29T04:52:09.464956+00:00 serverenterprise sshd[4007]: Disconnected from authenticating user root 36.139.107.243 port 41116 [preauth]
2024-07-29T04:52:19.899224+00:00 serverenterprise sshd[4011]: pam_unix(sshd:auth): authentication failure; logname= uid=0 euid=0 tty=ssh ruser= rhost=212.12.31.69  user=root
2024-07-29T04:52:21.940770+00:00 serverenterprise sshd[4011]: Failed password for root from 212.12.31.69 port 51580 ssh2
2024-07-29T04:52:23.455107+00:00 serverenterprise sshd[4011]: Received disconnect from 212.12.31.69 port 51580:11: Bye Bye [preauth]
2024-07-29T04:52:23.455236+00:00 serverenterprise sshd[4011]: Disconnected from authenticating user root 212.12.31.69 port 51580 [preauth]
2024-07-29T04:52:24.768155+00:00 serverenterprise sshd[4013]: Invalid user ubuntu from 157.245.102.141 port 57394
2024-07-29T04:52:24.771602+00:00 serverenterprise sshd[4013]: pam_unix(sshd:auth): check pass; user unknown
2024-07-29T04:52:24.771831+00:00 serverenterprise sshd[4013]: pam_unix(sshd:auth): authentication failure; logname= uid=0 euid=0 tty=ssh ruser= rhost=157.245.102.141 
2024-07-29T04:52:26.497585+00:00 serverenterprise sshd[4013]: Failed password for invalid user ubuntu from 157.245.102.141 port 57394 ssh2
2024-07-29T04:52:27.292002+00:00 serverenterprise sshd[4013]: Received disconnect from 157.245.102.141 port 57394:11: Bye Bye [preauth]
2024-07-29T04:52:27.292151+00:00 serverenterprise sshd[4013]: Disconnected from invalid user ubuntu 157.245.102.141 port 57394 [preauth]
2024-07-29T04:52:37.834656+00:00 serverenterprise sshd[4015]: pam_unix(sshd:auth): authentication failure; logname= uid=0 euid=0 tty=ssh ruser= rhost=222.253.40.231  user=root
2024-07-29T04:52:38.075307+00:00 serverenterprise sshd[4017]: pam_unix(sshd:auth): authentication failure; logname= uid=0 euid=0 tty=ssh ruser= rhost=51.91.103.16  user=root
2024-07-29T04:52:39.679967+00:00 serverenterprise sshd[4015]: Failed password for root from 222.253.40.231 port 41156 ssh2
2024-07-29T04:52:40.391947+00:00 serverenterprise sshd[4017]: Failed password for root from 51.91.103.16 port 43906 ssh2
2024-07-29T04:52:41.538248+00:00 serverenterprise sshd[4015]: Received disconnect from 222.253.40.231 port 41156:11: Bye Bye [preauth]
2024-07-29T04:52:41.538376+00:00 serverenterprise sshd[4015]: Disconnected from authenticating user root 222.253.40.231 port 41156 [preauth]
2024-07-29T04:52:41.603063+00:00 serverenterprise sshd[4017]: Received disconnect from 51.91.103.16 port 43906:11: Bye Bye [preauth]
2024-07-29T04:52:41.603960+00:00 serverenterprise sshd[4017]: Disconnected from authenticating user root 51.91.103.16 port 43906 [preauth]
2024-07-29T04:52:42.029013+00:00 serverenterprise sshd[4019]: pam_unix(sshd:auth): authentication failure; logname= uid=0 euid=0 tty=ssh ruser= rhost=172.174.154.119  user=root
2024-07-29T04:52:43.894210+00:00 serverenterprise sshd[4019]: Failed password for root from 172.174.154.119 port 42436 ssh2
2024-07-29T04:52:45.482588+00:00 serverenterprise sshd[4019]: Received disconnect from 172.174.154.119 port 42436:11: Bye Bye [preauth]
2024-07-29T04:52:45.482754+00:00 serverenterprise sshd[4019]: Disconnected from authenticating user root 172.174.154.119 port 42436 [preauth]
2024-07-29T04:52:49.437860+00:00 serverenterprise sshd[4021]: pam_unix(sshd:auth): authentication failure; logname= uid=0 euid=0 tty=ssh ruser= rhost=62.210.207.222  user=root
2024-07-29T04:52:51.263062+00:00 serverenterprise sshd[4021]: Failed password for root from 62.210.207.222 port 53520 ssh2
2024-07-29T04:52:52.961359+00:00 serverenterprise sshd[4021]: Received disconnect from 62.210.207.222 port 53520:11: Bye Bye [preauth]
2024-07-29T04:52:52.961711+00:00 serverenterprise sshd[4021]: Disconnected from authenticating user root 62.210.207.222 port 53520 [preauth]
2024-07-29T04:52:59.096473+00:00 serverenterprise sshd[4023]: pam_unix(sshd:auth): authentication failure; logname= uid=0 euid=0 tty=ssh ruser= rhost=36.139.107.243  user=root
2024-07-29T04:53:00.962034+00:00 serverenterprise sshd[4023]: Failed password for root from 36.139.107.243 port 54210 ssh2
2024-07-29T04:53:01.444345+00:00 serverenterprise sshd[4025]: pam_unix(sshd:auth): authentication failure; logname= uid=0 euid=0 tty=ssh ruser= rhost=212.12.31.69  user=root
2024-07-29T04:53:02.774266+00:00 serverenterprise sshd[4023]: Received disconnect from 36.139.107.243 port 54210:11: Bye Bye [preauth]
2024-07-29T04:53:02.774416+00:00 serverenterprise sshd[4023]: Disconnected from authenticating user root 36.139.107.243 port 54210 [preauth]
2024-07-29T04:53:03.585478+00:00 serverenterprise sshd[4025]: Failed password for root from 212.12.31.69 port 37070 ssh2
2024-07-29T04:53:04.154228+00:00 serverenterprise sshd[4027]: pam_unix(sshd:auth): authentication failure; logname= uid=0 euid=0 tty=ssh ruser= rhost=137.220.191.188  user=root
2024-07-29T04:53:05.001315+00:00 serverenterprise sshd[4025]: Received disconnect from 212.12.31.69 port 37070:11: Bye Bye [preauth]
2024-07-29T04:53:05.001444+00:00 serverenterprise sshd[4025]: Disconnected from authenticating user root 212.12.31.69 port 37070 [preauth]
2024-07-29T04:53:06.706840+00:00 serverenterprise sshd[4027]: Failed password for root from 137.220.191.188 port 59474 ssh2
2024-07-29T04:53:07.756225+00:00 serverenterprise sshd[4027]: Received disconnect from 137.220.191.188 port 59474:11: Bye Bye [preauth]
2024-07-29T04:53:07.756359+00:00 serverenterprise sshd[4027]: Disconnected from authenticating user root 137.220.191.188 port 59474 [preauth]
2024-07-29T04:53:11.217882+00:00 serverenterprise sshd[4029]: pam_unix(sshd:auth): authentication failure; logname= uid=0 euid=0 tty=ssh ruser= rhost=157.245.102.141  user=root
2024-07-29T04:53:13.063348+00:00 serverenterprise sshd[4029]: Failed password for root from 157.245.102.141 port 46318 ssh2
2024-07-29T04:53:14.921374+00:00 serverenterprise sshd[4029]: Received disconnect from 157.245.102.141 port 46318:11: Bye Bye [preauth]
2024-07-29T04:53:14.921544+00:00 serverenterprise sshd[4029]: Disconnected from authenticating user root 157.245.102.141 port 46318 [preauth]
2024-07-29T04:53:21.018554+00:00 serverenterprise sshd[4032]: Invalid user ubuntu from 51.91.103.16 port 58730
2024-07-29T04:53:21.022270+00:00 serverenterprise sshd[4032]: pam_unix(sshd:auth): check pass; user unknown
2024-07-29T04:53:21.022496+00:00 serverenterprise sshd[4032]: pam_unix(sshd:auth): authentication failure; logname= uid=0 euid=0 tty=ssh ruser= rhost=51.91.103.16 
2024-07-29T04:53:23.576261+00:00 serverenterprise sshd[4032]: Failed password for invalid user ubuntu from 51.91.103.16 port 58730 ssh2
2024-07-29T04:53:25.744274+00:00 serverenterprise sshd[4032]: Received disconnect from 51.91.103.16 port 58730:11: Bye Bye [preauth]
2024-07-29T04:53:25.744425+00:00 serverenterprise sshd[4032]: Disconnected from invalid user ubuntu 51.91.103.16 port 58730 [preauth]
2024-07-29T04:53:30.569377+00:00 serverenterprise sshd[4034]: pam_unix(sshd:auth): authentication failure; logname= uid=0 euid=0 tty=ssh ruser= rhost=62.210.207.222  user=root
2024-07-29T04:53:32.354626+00:00 serverenterprise sshd[4034]: Failed password for root from 62.210.207.222 port 44104 ssh2
2024-07-29T04:53:34.089345+00:00 serverenterprise sshd[4034]: Received disconnect from 62.210.207.222 port 44104:11: Bye Bye [preauth]
2024-07-29T04:53:34.089657+00:00 serverenterprise sshd[4034]: Disconnected from authenticating user root 62.210.207.222 port 44104 [preauth]
2024-07-29T04:53:37.426278+00:00 serverenterprise sshd[4036]: pam_unix(sshd:auth): authentication failure; logname= uid=0 euid=0 tty=ssh ruser= rhost=222.253.40.231  user=root
2024-07-29T04:53:38.771722+00:00 serverenterprise sshd[4039]: pam_unix(sshd:auth): authentication failure; logname= uid=0 euid=0 tty=ssh ruser= rhost=172.174.154.119  user=root
2024-07-29T04:53:39.508160+00:00 serverenterprise sshd[4036]: Failed password for root from 222.253.40.231 port 54284 ssh2
2024-07-29T04:53:40.657243+00:00 serverenterprise sshd[4039]: Failed password for root from 172.174.154.119 port 59848 ssh2
2024-07-29T04:53:41.117963+00:00 serverenterprise sshd[4036]: Received disconnect from 222.253.40.231 port 54284:11: Bye Bye [preauth]
2024-07-29T04:53:41.118090+00:00 serverenterprise sshd[4036]: Disconnected from authenticating user root 222.253.40.231 port 54284 [preauth]
2024-07-29T04:53:42.223547+00:00 serverenterprise sshd[4039]: Received disconnect from 172.174.154.119 port 59848:11: Bye Bye [preauth]
2024-07-29T04:53:42.223811+00:00 serverenterprise sshd[4039]: Disconnected from authenticating user root 172.174.154.119 port 59848 [preauth]
2024-07-29T04:53:43.908990+00:00 serverenterprise sshd[4041]: Invalid user admin from 212.12.31.69 port 50782
2024-07-29T04:53:43.912483+00:00 serverenterprise sshd[4041]: pam_unix(sshd:auth): check pass; user unknown
2024-07-29T04:53:43.912731+00:00 serverenterprise sshd[4041]: pam_unix(sshd:auth): authentication failure; logname= uid=0 euid=0 tty=ssh ruser= rhost=212.12.31.69 
2024-07-29T04:53:45.483186+00:00 serverenterprise sshd[4041]: Failed password for invalid user admin from 212.12.31.69 port 50782 ssh2
2024-07-29T04:53:46.693263+00:00 serverenterprise sshd[4041]: Received disconnect from 212.12.31.69 port 50782:11: Bye Bye [preauth]
2024-07-29T04:53:46.693424+00:00 serverenterprise sshd[4041]: Disconnected from invalid user admin 212.12.31.69 port 50782 [preauth]
2024-07-29T04:53:49.330682+00:00 serverenterprise sshd[4043]: pam_unix(sshd:auth): authentication failure; logname= uid=0 euid=0 tty=ssh ruser= rhost=36.139.107.243  user=root
2024-07-29T04:53:51.392610+00:00 serverenterprise sshd[4043]: Failed password for root from 36.139.107.243 port 39068 ssh2
2024-07-29T04:53:53.008217+00:00 serverenterprise sshd[4043]: Received disconnect from 36.139.107.243 port 39068:11: Bye Bye [preauth]
2024-07-29T04:53:53.008368+00:00 serverenterprise sshd[4043]: Disconnected from authenticating user root 36.139.107.243 port 39068 [preauth]
2024-07-29T04:54:01.868629+00:00 serverenterprise sshd[4045]: pam_unix(sshd:auth): authentication failure; logname= uid=0 euid=0 tty=ssh ruser= rhost=157.245.102.141  user=root
2024-07-29T04:54:03.578374+00:00 serverenterprise sshd[4045]: Failed password for root from 157.245.102.141 port 60328 ssh2
2024-07-29T04:54:03.835983+00:00 serverenterprise sshd[4045]: Received disconnect from 157.245.102.141 port 60328:11: Bye Bye [preauth]
2024-07-29T04:54:03.836097+00:00 serverenterprise sshd[4045]: Disconnected from authenticating user root 157.245.102.141 port 60328 [preauth]
2024-07-29T04:54:07.050143+00:00 serverenterprise sshd[4047]: Invalid user server3 from 51.91.103.16 port 54890
2024-07-29T04:54:07.053277+00:00 serverenterprise sshd[4047]: pam_unix(sshd:auth): check pass; user unknown
2024-07-29T04:54:07.053551+00:00 serverenterprise sshd[4047]: pam_unix(sshd:auth): authentication failure; logname= uid=0 euid=0 tty=ssh ruser= rhost=51.91.103.16 
2024-07-29T04:54:09.255021+00:00 serverenterprise sshd[4047]: Failed password for invalid user server3 from 51.91.103.16 port 54890 ssh2
2024-07-29T04:54:11.032274+00:00 serverenterprise sshd[4047]: Received disconnect from 51.91.103.16 port 54890:11: Bye Bye [preauth]
2024-07-29T04:54:11.032460+00:00 serverenterprise sshd[4047]: Disconnected from invalid user server3 51.91.103.16 port 54890 [preauth]
2024-07-29T04:54:13.178285+00:00 serverenterprise sshd[4049]: Invalid user admin from 62.210.207.222 port 58368
2024-07-29T04:54:13.182082+00:00 serverenterprise sshd[4049]: pam_unix(sshd:auth): check pass; user unknown
2024-07-29T04:54:13.182328+00:00 serverenterprise sshd[4049]: pam_unix(sshd:auth): authentication failure; logname= uid=0 euid=0 tty=ssh ruser= rhost=62.210.207.222 
2024-07-29T04:54:13.909153+00:00 serverenterprise sshd[4051]: pam_unix(sshd:auth): authentication failure; logname= uid=0 euid=0 tty=ssh ruser= rhost=137.220.191.188  user=root
2024-07-29T04:54:14.872205+00:00 serverenterprise sshd[4049]: Failed password for invalid user admin from 62.210.207.222 port 58368 ssh2
2024-07-29T04:54:15.598836+00:00 serverenterprise sshd[4051]: Failed password for root from 137.220.191.188 port 47772 ssh2
2024-07-29T04:54:15.790031+00:00 serverenterprise sshd[4051]: Received disconnect from 137.220.191.188 port 47772:11: Bye Bye [preauth]
2024-07-29T04:54:15.790168+00:00 serverenterprise sshd[4051]: Disconnected from authenticating user root 137.220.191.188 port 47772 [preauth]
2024-07-29T04:54:15.927478+00:00 serverenterprise sshd[4049]: Received disconnect from 62.210.207.222 port 58368:11: Bye Bye [preauth]
2024-07-29T04:54:15.928809+00:00 serverenterprise sshd[4049]: Disconnected from invalid user admin 62.210.207.222 port 58368 [preauth]
2024-07-29T04:54:26.014057+00:00 serverenterprise sshd[4053]: pam_unix(sshd:auth): authentication failure; logname= uid=0 euid=0 tty=ssh ruser= rhost=212.12.31.69  user=root
2024-07-29T04:54:28.154752+00:00 serverenterprise sshd[4053]: Failed password for root from 212.12.31.69 port 36268 ssh2
2024-07-29T04:54:29.574259+00:00 serverenterprise sshd[4053]: Received disconnect from 212.12.31.69 port 36268:11: Bye Bye [preauth]
2024-07-29T04:54:29.574420+00:00 serverenterprise sshd[4053]: Disconnected from authenticating user root 212.12.31.69 port 36268 [preauth]
2024-07-29T04:54:37.075023+00:00 serverenterprise sshd[4055]: Invalid user ubuntu from 222.253.40.231 port 38546
2024-07-29T04:54:37.077580+00:00 serverenterprise sshd[4055]: pam_unix(sshd:auth): check pass; user unknown
2024-07-29T04:54:37.078013+00:00 serverenterprise sshd[4055]: pam_unix(sshd:auth): authentication failure; logname= uid=0 euid=0 tty=ssh ruser= rhost=222.253.40.231 
2024-07-29T04:54:37.547593+00:00 serverenterprise sshd[4057]: Invalid user admin from 172.174.154.119 port 43004
2024-07-29T04:54:37.551628+00:00 serverenterprise sshd[4057]: pam_unix(sshd:auth): check pass; user unknown
2024-07-29T04:54:37.551794+00:00 serverenterprise sshd[4057]: pam_unix(sshd:auth): authentication failure; logname= uid=0 euid=0 tty=ssh ruser= rhost=172.174.154.119 
2024-07-29T04:54:38.727683+00:00 serverenterprise sshd[4055]: Failed password for invalid user ubuntu from 222.253.40.231 port 38546 ssh2
2024-07-29T04:54:39.201851+00:00 serverenterprise sshd[4057]: Failed password for invalid user admin from 172.174.154.119 port 43004 ssh2
2024-07-29T04:54:39.638995+00:00 serverenterprise sshd[4055]: Received disconnect from 222.253.40.231 port 38546:11: Bye Bye [preauth]
2024-07-29T04:54:39.639124+00:00 serverenterprise sshd[4055]: Disconnected from invalid user ubuntu 222.253.40.231 port 38546 [preauth]
2024-07-29T04:54:40.229072+00:00 serverenterprise sshd[4057]: Received disconnect from 172.174.154.119 port 43004:11: Bye Bye [preauth]
2024-07-29T04:54:40.229230+00:00 serverenterprise sshd[4057]: Disconnected from invalid user admin 172.174.154.119 port 43004 [preauth]
2024-07-29T04:54:43.307965+00:00 serverenterprise sshd[4059]: pam_unix(sshd:auth): authentication failure; logname= uid=0 euid=0 tty=ssh ruser= rhost=36.139.107.243  user=root
2024-07-29T04:54:45.448210+00:00 serverenterprise sshd[4059]: Failed password for root from 36.139.107.243 port 52160 ssh2
2024-07-29T04:54:46.997210+00:00 serverenterprise sshd[4059]: Received disconnect from 36.139.107.243 port 52160:11: Bye Bye [preauth]
2024-07-29T04:54:46.997334+00:00 serverenterprise sshd[4059]: Disconnected from authenticating user root 36.139.107.243 port 52160 [preauth]
2024-07-29T04:54:50.871667+00:00 serverenterprise sshd[4063]: pam_unix(sshd:auth): authentication failure; logname= uid=0 euid=0 tty=ssh ruser= rhost=51.91.103.16  user=root
2024-07-29T04:54:51.438674+00:00 serverenterprise sshd[4061]: pam_unix(sshd:auth): authentication failure; logname= uid=0 euid=0 tty=ssh ruser= rhost=157.245.102.141  user=root
2024-07-29T04:54:53.308945+00:00 serverenterprise sshd[4063]: Failed password for root from 51.91.103.16 port 56358 ssh2
2024-07-29T04:54:53.679978+00:00 serverenterprise sshd[4061]: Failed password for root from 157.245.102.141 port 45172 ssh2
2024-07-29T04:54:54.401585+00:00 serverenterprise sshd[4063]: Received disconnect from 51.91.103.16 port 56358:11: Bye Bye [preauth]
2024-07-29T04:54:54.401728+00:00 serverenterprise sshd[4063]: Disconnected from authenticating user root 51.91.103.16 port 56358 [preauth]
2024-07-29T04:54:55.092340+00:00 serverenterprise sshd[4061]: Received disconnect from 157.245.102.141 port 45172:11: Bye Bye [preauth]
2024-07-29T04:54:55.092484+00:00 serverenterprise sshd[4061]: Disconnected from authenticating user root 157.245.102.141 port 45172 [preauth]
2024-07-29T04:55:01.876050+00:00 serverenterprise CRON[4065]: pam_unix(cron:session): session opened for user root(uid=0) by root(uid=0)
2024-07-29T04:55:01.881096+00:00 serverenterprise CRON[4065]: pam_unix(cron:session): session closed for user root
2024-07-29T04:55:08.946382+00:00 serverenterprise sshd[4068]: pam_unix(sshd:auth): authentication failure; logname= uid=0 euid=0 tty=ssh ruser= rhost=212.12.31.69  user=root
2024-07-29T04:55:10.852221+00:00 serverenterprise sshd[4068]: Failed password for root from 212.12.31.69 port 49994 ssh2
2024-07-29T04:55:12.508222+00:00 serverenterprise sshd[4068]: Received disconnect from 212.12.31.69 port 49994:11: Bye Bye [preauth]
2024-07-29T04:55:12.508341+00:00 serverenterprise sshd[4068]: Disconnected from authenticating user root 212.12.31.69 port 49994 [preauth]
2024-07-29T04:55:23.579778+00:00 serverenterprise sshd[4070]: pam_unix(sshd:auth): authentication failure; logname= uid=0 euid=0 tty=ssh ruser= rhost=137.220.191.188  user=root
2024-07-29T04:55:25.213277+00:00 serverenterprise sshd[4070]: Failed password for root from 137.220.191.188 port 36090 ssh2
2024-07-29T04:55:25.454034+00:00 serverenterprise sshd[4070]: Received disconnect from 137.220.191.188 port 36090:11: Bye Bye [preauth]
2024-07-29T04:55:25.454186+00:00 serverenterprise sshd[4070]: Disconnected from authenticating user root 137.220.191.188 port 36090 [preauth]
2024-07-29T04:55:36.759184+00:00 serverenterprise sshd[4074]: pam_unix(sshd:auth): authentication failure; logname= uid=0 euid=0 tty=ssh ruser= rhost=172.174.154.119  user=root
2024-07-29T04:55:37.361576+00:00 serverenterprise sshd[4072]: pam_unix(sshd:auth): authentication failure; logname= uid=0 euid=0 tty=ssh ruser= rhost=222.253.40.231  user=root
2024-07-29T04:55:38.302819+00:00 serverenterprise sshd[4076]: pam_unix(sshd:auth): authentication failure; logname= uid=0 euid=0 tty=ssh ruser= rhost=36.139.107.243  user=root
2024-07-29T04:55:38.844763+00:00 serverenterprise sshd[4074]: Failed password for root from 172.174.154.119 port 46272 ssh2
2024-07-29T04:55:39.583136+00:00 serverenterprise sshd[4072]: Failed password for root from 222.253.40.231 port 55898 ssh2
2024-07-29T04:55:40.218144+00:00 serverenterprise sshd[4074]: Received disconnect from 172.174.154.119 port 46272:11: Bye Bye [preauth]
2024-07-29T04:55:40.218392+00:00 serverenterprise sshd[4074]: Disconnected from authenticating user root 172.174.154.119 port 46272 [preauth]
2024-07-29T04:55:40.328599+00:00 serverenterprise sshd[4076]: Failed password for root from 36.139.107.243 port 37020 ssh2
2024-07-29T04:55:41.059322+00:00 serverenterprise sshd[4072]: Received disconnect from 222.253.40.231 port 55898:11: Bye Bye [preauth]
2024-07-29T04:55:41.059500+00:00 serverenterprise sshd[4072]: Disconnected from authenticating user root 222.253.40.231 port 55898 [preauth]
2024-07-29T04:55:41.922832+00:00 serverenterprise sshd[4078]: pam_unix(sshd:auth): authentication failure; logname= uid=0 euid=0 tty=ssh ruser= rhost=157.245.102.141  user=root
2024-07-29T04:55:41.978097+00:00 serverenterprise sshd[4076]: Received disconnect from 36.139.107.243 port 37020:11: Bye Bye [preauth]
2024-07-29T04:55:41.978279+00:00 serverenterprise sshd[4076]: Disconnected from authenticating user root 36.139.107.243 port 37020 [preauth]
2024-07-29T04:55:43.103670+00:00 serverenterprise sshd[4080]: Invalid user admin from 51.91.103.16 port 48556
2024-07-29T04:55:43.108015+00:00 serverenterprise sshd[4080]: pam_unix(sshd:auth): check pass; user unknown
2024-07-29T04:55:43.108248+00:00 serverenterprise sshd[4080]: pam_unix(sshd:auth): authentication failure; logname= uid=0 euid=0 tty=ssh ruser= rhost=51.91.103.16 
2024-07-29T04:55:43.692774+00:00 serverenterprise sshd[4078]: Failed password for root from 157.245.102.141 port 40974 ssh2
2024-07-29T04:55:44.816777+00:00 serverenterprise sshd[4080]: Failed password for invalid user admin from 51.91.103.16 port 48556 ssh2
2024-07-29T04:55:45.607778+00:00 serverenterprise sshd[4078]: Received disconnect from 157.245.102.141 port 40974:11: Bye Bye [preauth]
2024-07-29T04:55:45.607928+00:00 serverenterprise sshd[4078]: Disconnected from authenticating user root 157.245.102.141 port 40974 [preauth]
2024-07-29T04:55:45.867096+00:00 serverenterprise sshd[4080]: Received disconnect from 51.91.103.16 port 48556:11: Bye Bye [preauth]
2024-07-29T04:55:45.868808+00:00 serverenterprise sshd[4080]: Disconnected from invalid user admin 51.91.103.16 port 48556 [preauth]
2024-07-29T04:56:31.727143+00:00 serverenterprise sshd[4082]: pam_unix(sshd:auth): authentication failure; logname= uid=0 euid=0 tty=ssh ruser= rhost=157.245.102.141  user=root
2024-07-29T04:56:32.019891+00:00 serverenterprise sshd[4084]: Invalid user alex from 36.139.107.243 port 50114
2024-07-29T04:56:32.024079+00:00 serverenterprise sshd[4084]: pam_unix(sshd:auth): check pass; user unknown
2024-07-29T04:56:32.024358+00:00 serverenterprise sshd[4084]: pam_unix(sshd:auth): authentication failure; logname= uid=0 euid=0 tty=ssh ruser= rhost=36.139.107.243 
2024-07-29T04:56:32.680566+00:00 serverenterprise sshd[4086]: pam_unix(sshd:auth): authentication failure; logname= uid=0 euid=0 tty=ssh ruser= rhost=137.220.191.188  user=root
2024-07-29T04:56:33.361799+00:00 serverenterprise sshd[4082]: Failed password for root from 157.245.102.141 port 53378 ssh2
2024-07-29T04:56:33.463038+00:00 serverenterprise sshd[4084]: Failed password for invalid user alex from 36.139.107.243 port 50114 ssh2
2024-07-29T04:56:33.687011+00:00 serverenterprise sshd[4082]: Received disconnect from 157.245.102.141 port 53378:11: Bye Bye [preauth]
2024-07-29T04:56:33.687146+00:00 serverenterprise sshd[4082]: Disconnected from authenticating user root 157.245.102.141 port 53378 [preauth]
2024-07-29T04:56:34.052840+00:00 serverenterprise sshd[4088]: pam_unix(sshd:auth): authentication failure; logname= uid=0 euid=0 tty=ssh ruser= rhost=172.174.154.119  user=root
2024-07-29T04:56:34.119368+00:00 serverenterprise sshd[4086]: Failed password for root from 137.220.191.188 port 52622 ssh2
2024-07-29T04:56:34.258982+00:00 serverenterprise sshd[4084]: Received disconnect from 36.139.107.243 port 50114:11: Bye Bye [preauth]
2024-07-29T04:56:34.259128+00:00 serverenterprise sshd[4084]: Disconnected from invalid user alex 36.139.107.243 port 50114 [preauth]
2024-07-29T04:56:34.556001+00:00 serverenterprise sshd[4086]: Received disconnect from 137.220.191.188 port 52622:11: Bye Bye [preauth]
2024-07-29T04:56:34.556141+00:00 serverenterprise sshd[4086]: Disconnected from authenticating user root 137.220.191.188 port 52622 [preauth]
2024-07-29T04:56:36.098686+00:00 serverenterprise sshd[4088]: Failed password for root from 172.174.154.119 port 49404 ssh2
2024-07-29T04:56:36.444378+00:00 serverenterprise sshd[4090]: Invalid user test from 222.253.40.231 port 60494
2024-07-29T04:56:36.449268+00:00 serverenterprise sshd[4090]: pam_unix(sshd:auth): check pass; user unknown
2024-07-29T04:56:36.449533+00:00 serverenterprise sshd[4090]: pam_unix(sshd:auth): authentication failure; logname= uid=0 euid=0 tty=ssh ruser= rhost=222.253.40.231 
2024-07-29T04:56:37.511208+00:00 serverenterprise sshd[4088]: Received disconnect from 172.174.154.119 port 49404:11: Bye Bye [preauth]
2024-07-29T04:56:37.511339+00:00 serverenterprise sshd[4088]: Disconnected from authenticating user root 172.174.154.119 port 49404 [preauth]
2024-07-29T04:56:38.771449+00:00 serverenterprise sshd[4090]: Failed password for invalid user test from 222.253.40.231 port 60494 ssh2
2024-07-29T04:56:40.776029+00:00 serverenterprise sshd[4090]: Received disconnect from 222.253.40.231 port 60494:11: Bye Bye [preauth]
2024-07-29T04:56:40.776174+00:00 serverenterprise sshd[4090]: Disconnected from invalid user test 222.253.40.231 port 60494 [preauth]
2024-07-29T04:57:17.587492+00:00 serverenterprise sshd[4092]: pam_unix(sshd:auth): authentication failure; logname= uid=0 euid=0 tty=ssh ruser= rhost=157.245.102.141  user=root
2024-07-29T04:57:18.870747+00:00 serverenterprise sshd[4092]: Failed password for root from 157.245.102.141 port 59806 ssh2
2024-07-29T04:57:19.558641+00:00 serverenterprise sshd[4092]: Received disconnect from 157.245.102.141 port 59806:11: Bye Bye [preauth]
2024-07-29T04:57:19.558856+00:00 serverenterprise sshd[4092]: Disconnected from authenticating user root 157.245.102.141 port 59806 [preauth]
2024-07-29T04:57:28.621379+00:00 serverenterprise sshd[4094]: Invalid user admin from 36.139.107.243 port 34976
2024-07-29T04:57:28.625433+00:00 serverenterprise sshd[4094]: pam_unix(sshd:auth): check pass; user unknown
2024-07-29T04:57:28.625663+00:00 serverenterprise sshd[4094]: pam_unix(sshd:auth): authentication failure; logname= uid=0 euid=0 tty=ssh ruser= rhost=36.139.107.243 
2024-07-29T04:57:30.750164+00:00 serverenterprise sshd[4094]: Failed password for invalid user admin from 36.139.107.243 port 34976 ssh2
2024-07-29T04:57:31.101708+00:00 serverenterprise sshd[4096]: Invalid user admin from 172.174.154.119 port 51660
2024-07-29T04:57:31.106044+00:00 serverenterprise sshd[4096]: pam_unix(sshd:auth): check pass; user unknown
2024-07-29T04:57:31.106249+00:00 serverenterprise sshd[4096]: pam_unix(sshd:auth): authentication failure; logname= uid=0 euid=0 tty=ssh ruser= rhost=172.174.154.119 
2024-07-29T04:57:31.527889+00:00 serverenterprise sshd[4094]: Received disconnect from 36.139.107.243 port 34976:11: Bye Bye [preauth]
2024-07-29T04:57:31.528055+00:00 serverenterprise sshd[4094]: Disconnected from invalid user admin 36.139.107.243 port 34976 [preauth]
2024-07-29T04:57:32.976858+00:00 serverenterprise sshd[4096]: Failed password for invalid user admin from 172.174.154.119 port 51660 ssh2
2024-07-29T04:57:33.782988+00:00 serverenterprise sshd[4096]: Received disconnect from 172.174.154.119 port 51660:11: Bye Bye [preauth]
2024-07-29T04:57:33.783119+00:00 serverenterprise sshd[4096]: Disconnected from invalid user admin 172.174.154.119 port 51660 [preauth]
2024-07-29T04:57:33.792799+00:00 serverenterprise sshd[4098]: pam_unix(sshd:auth): authentication failure; logname= uid=0 euid=0 tty=ssh ruser= rhost=222.253.40.231  user=root
2024-07-29T04:57:35.939532+00:00 serverenterprise sshd[4098]: Failed password for root from 222.253.40.231 port 58914 ssh2
2024-07-29T04:57:37.484446+00:00 serverenterprise sshd[4098]: Received disconnect from 222.253.40.231 port 58914:11: Bye Bye [preauth]
2024-07-29T04:57:37.484603+00:00 serverenterprise sshd[4098]: Disconnected from authenticating user root 222.253.40.231 port 58914 [preauth]
2024-07-29T04:57:40.882535+00:00 serverenterprise sshd[4100]: pam_unix(sshd:auth): authentication failure; logname= uid=0 euid=0 tty=ssh ruser= rhost=137.220.191.188  user=root
2024-07-29T04:57:42.656608+00:00 serverenterprise sshd[4100]: Failed password for root from 137.220.191.188 port 40936 ssh2
2024-07-29T04:57:44.479185+00:00 serverenterprise sshd[4100]: Received disconnect from 137.220.191.188 port 40936:11: Bye Bye [preauth]
2024-07-29T04:57:44.479309+00:00 serverenterprise sshd[4100]: Disconnected from authenticating user root 137.220.191.188 port 40936 [preauth]
2024-07-29T04:58:05.935216+00:00 serverenterprise sshd[4102]: pam_unix(sshd:auth): authentication failure; logname= uid=0 euid=0 tty=ssh ruser= rhost=157.245.102.141  user=root
2024-07-29T04:58:07.473752+00:00 serverenterprise sshd[4102]: Failed password for root from 157.245.102.141 port 40166 ssh2
2024-07-29T04:58:07.904262+00:00 serverenterprise sshd[4102]: Received disconnect from 157.245.102.141 port 40166:11: Bye Bye [preauth]
2024-07-29T04:58:07.904481+00:00 serverenterprise sshd[4102]: Disconnected from authenticating user root 157.245.102.141 port 40166 [preauth]
2024-07-29T04:58:19.386330+00:00 serverenterprise sshd[4104]: Invalid user admin from 36.139.107.243 port 48064
2024-07-29T04:58:19.390829+00:00 serverenterprise sshd[4104]: pam_unix(sshd:auth): check pass; user unknown
2024-07-29T04:58:19.391171+00:00 serverenterprise sshd[4104]: pam_unix(sshd:auth): authentication failure; logname= uid=0 euid=0 tty=ssh ruser= rhost=36.139.107.243 
2024-07-29T04:58:21.184733+00:00 serverenterprise sshd[4104]: Failed password for invalid user admin from 36.139.107.243 port 48064 ssh2
2024-07-29T04:58:22.294667+00:00 serverenterprise sshd[4104]: Received disconnect from 36.139.107.243 port 48064:11: Bye Bye [preauth]
2024-07-29T04:58:22.294884+00:00 serverenterprise sshd[4104]: Disconnected from invalid user admin 36.139.107.243 port 48064 [preauth]
2024-07-29T04:58:27.137430+00:00 serverenterprise sshd[4106]: pam_unix(sshd:auth): authentication failure; logname= uid=0 euid=0 tty=ssh ruser= rhost=172.174.154.119  user=root
2024-07-29T04:58:29.364256+00:00 serverenterprise sshd[4106]: Failed password for root from 172.174.154.119 port 39922 ssh2
2024-07-29T04:58:30.592954+00:00 serverenterprise sshd[4106]: Received disconnect from 172.174.154.119 port 39922:11: Bye Bye [preauth]
2024-07-29T04:58:30.593180+00:00 serverenterprise sshd[4106]: Disconnected from authenticating user root 172.174.154.119 port 39922 [preauth]
2024-07-29T04:58:32.251345+00:00 serverenterprise sshd[4108]: pam_unix(sshd:auth): authentication failure; logname= uid=0 euid=0 tty=ssh ruser= rhost=222.253.40.231  user=root
2024-07-29T04:58:34.498130+00:00 serverenterprise sshd[4108]: Failed password for root from 222.253.40.231 port 40652 ssh2
2024-07-29T04:58:35.943105+00:00 serverenterprise sshd[4108]: Received disconnect from 222.253.40.231 port 40652:11: Bye Bye [preauth]
2024-07-29T04:58:35.943315+00:00 serverenterprise sshd[4108]: Disconnected from authenticating user root 222.253.40.231 port 40652 [preauth]
2024-07-29T04:58:36.427073+00:00 serverenterprise sshd[4110]: Unable to negotiate with 59.19.245.118 port 61256: no matching host key type found. Their offer: ssh-rsa,ssh-dss [preauth]
2024-07-29T04:58:49.453610+00:00 serverenterprise sshd[4113]: Invalid user ec2-user from 137.220.191.188 port 57482
2024-07-29T04:58:49.458455+00:00 serverenterprise sshd[4113]: pam_unix(sshd:auth): check pass; user unknown
2024-07-29T04:58:49.458677+00:00 serverenterprise sshd[4113]: pam_unix(sshd:auth): authentication failure; logname= uid=0 euid=0 tty=ssh ruser= rhost=137.220.191.188 
2024-07-29T04:58:51.037187+00:00 serverenterprise sshd[4113]: Failed password for invalid user ec2-user from 137.220.191.188 port 57482 ssh2
2024-07-29T04:58:51.875808+00:00 serverenterprise sshd[4113]: Received disconnect from 137.220.191.188 port 57482:11: Bye Bye [preauth]
2024-07-29T04:58:51.875995+00:00 serverenterprise sshd[4113]: Disconnected from invalid user ec2-user 137.220.191.188 port 57482 [preauth]
2024-07-29T04:59:15.569092+00:00 serverenterprise sshd[4115]: pam_unix(sshd:auth): authentication failure; logname= uid=0 euid=0 tty=ssh ruser= rhost=36.139.107.243  user=root
2024-07-29T04:59:17.720055+00:00 serverenterprise sshd[4115]: Failed password for root from 36.139.107.243 port 32926 ssh2
2024-07-29T04:59:19.247185+00:00 serverenterprise sshd[4115]: Received disconnect from 36.139.107.243 port 32926:11: Bye Bye [preauth]
2024-07-29T04:59:19.247316+00:00 serverenterprise sshd[4115]: Disconnected from authenticating user root 36.139.107.243 port 32926 [preauth]
2024-07-29T04:59:23.210979+00:00 serverenterprise sshd[4117]: pam_unix(sshd:auth): authentication failure; logname= uid=0 euid=0 tty=ssh ruser= rhost=172.174.154.119  user=root
2024-07-29T04:59:25.457727+00:00 serverenterprise sshd[4117]: Failed password for root from 172.174.154.119 port 49516 ssh2
2024-07-29T04:59:26.663950+00:00 serverenterprise sshd[4117]: Received disconnect from 172.174.154.119 port 49516:11: Bye Bye [preauth]
2024-07-29T04:59:26.664070+00:00 serverenterprise sshd[4117]: Disconnected from authenticating user root 172.174.154.119 port 49516 [preauth]
2024-07-29T04:59:31.074588+00:00 serverenterprise sshd[4119]: pam_unix(sshd:auth): authentication failure; logname= uid=0 euid=0 tty=ssh ruser= rhost=222.253.40.231  user=root
2024-07-29T04:59:32.754380+00:00 serverenterprise sshd[4119]: Failed password for root from 222.253.40.231 port 59018 ssh2
2024-07-29T04:59:33.044984+00:00 serverenterprise sshd[4119]: Received disconnect from 222.253.40.231 port 59018:11: Bye Bye [preauth]
2024-07-29T04:59:33.045096+00:00 serverenterprise sshd[4119]: Disconnected from authenticating user root 222.253.40.231 port 59018 [preauth]
2024-07-29T05:00:00.107818+00:00 serverenterprise sshd[4121]: pam_unix(sshd:auth): authentication failure; logname= uid=0 euid=0 tty=ssh ruser= rhost=137.220.191.188  user=root
2024-07-29T05:00:01.767562+00:00 serverenterprise sshd[4121]: Failed password for root from 137.220.191.188 port 45786 ssh2
2024-07-29T05:00:01.979200+00:00 serverenterprise sshd[4121]: Received disconnect from 137.220.191.188 port 45786:11: Bye Bye [preauth]
2024-07-29T05:00:01.979384+00:00 serverenterprise sshd[4121]: Disconnected from authenticating user root 137.220.191.188 port 45786 [preauth]
2024-07-29T05:00:09.977440+00:00 serverenterprise sshd[4126]: pam_unix(sshd:auth): authentication failure; logname= uid=0 euid=0 tty=ssh ruser= rhost=36.139.107.243  user=root
2024-07-29T05:00:12.208591+00:00 serverenterprise sshd[4126]: Failed password for root from 36.139.107.243 port 46020 ssh2
2024-07-29T05:00:13.664319+00:00 serverenterprise sshd[4126]: Received disconnect from 36.139.107.243 port 46020:11: Bye Bye [preauth]
2024-07-29T05:00:13.664453+00:00 serverenterprise sshd[4126]: Disconnected from authenticating user root 36.139.107.243 port 46020 [preauth]
2024-07-29T05:00:14.314250+00:00 serverenterprise sshd[4128]: Invalid user support from 223.83.94.200 port 49244
2024-07-29T05:00:14.318847+00:00 serverenterprise sshd[4128]: pam_unix(sshd:auth): check pass; user unknown
2024-07-29T05:00:14.319117+00:00 serverenterprise sshd[4128]: pam_unix(sshd:auth): authentication failure; logname= uid=0 euid=0 tty=ssh ruser= rhost=223.83.94.200 
2024-07-29T05:00:16.234719+00:00 serverenterprise sshd[4128]: Failed password for invalid user support from 223.83.94.200 port 49244 ssh2
2024-07-29T05:00:17.211540+00:00 serverenterprise sshd[4128]: Connection closed by invalid user support 223.83.94.200 port 49244 [preauth]
2024-07-29T05:00:20.436357+00:00 serverenterprise sshd[4130]: pam_unix(sshd:auth): authentication failure; logname= uid=0 euid=0 tty=ssh ruser= rhost=172.174.154.119  user=root
2024-07-29T05:00:22.842830+00:00 serverenterprise sshd[4130]: Failed password for root from 172.174.154.119 port 35878 ssh2
2024-07-29T05:00:23.889350+00:00 serverenterprise sshd[4130]: Received disconnect from 172.174.154.119 port 35878:11: Bye Bye [preauth]
2024-07-29T05:00:23.889534+00:00 serverenterprise sshd[4130]: Disconnected from authenticating user root 172.174.154.119 port 35878 [preauth]
2024-07-29T05:00:33.864242+00:00 serverenterprise sshd[4132]: Invalid user ec2-user from 222.253.40.231 port 49530
2024-07-29T05:00:33.867855+00:00 serverenterprise sshd[4132]: pam_unix(sshd:auth): check pass; user unknown
2024-07-29T05:00:33.868088+00:00 serverenterprise sshd[4132]: pam_unix(sshd:auth): authentication failure; logname= uid=0 euid=0 tty=ssh ruser= rhost=222.253.40.231 
2024-07-29T05:00:36.059136+00:00 serverenterprise sshd[4132]: Failed password for invalid user ec2-user from 222.253.40.231 port 49530 ssh2
2024-07-29T05:00:36.377995+00:00 serverenterprise sshd[4132]: Received disconnect from 222.253.40.231 port 49530:11: Bye Bye [preauth]
2024-07-29T05:00:36.378149+00:00 serverenterprise sshd[4132]: Disconnected from invalid user ec2-user 222.253.40.231 port 49530 [preauth]
2024-07-29T05:01:05.127856+00:00 serverenterprise sshd[4134]: Invalid user ubuntu from 36.139.107.243 port 59112
2024-07-29T05:01:05.132981+00:00 serverenterprise sshd[4134]: pam_unix(sshd:auth): check pass; user unknown
2024-07-29T05:01:05.133256+00:00 serverenterprise sshd[4134]: pam_unix(sshd:auth): authentication failure; logname= uid=0 euid=0 tty=ssh ruser= rhost=36.139.107.243 
2024-07-29T05:01:08.052289+00:00 serverenterprise sshd[4134]: Failed password for invalid user ubuntu from 36.139.107.243 port 59112 ssh2
2024-07-29T05:01:10.003411+00:00 serverenterprise sshd[4134]: Received disconnect from 36.139.107.243 port 59112:11: Bye Bye [preauth]
2024-07-29T05:01:10.003722+00:00 serverenterprise sshd[4134]: Disconnected from invalid user ubuntu 36.139.107.243 port 59112 [preauth]
2024-07-29T05:01:10.788845+00:00 serverenterprise sshd[4136]: Invalid user ubuntu from 137.220.191.188 port 34098
2024-07-29T05:01:10.792355+00:00 serverenterprise sshd[4136]: pam_unix(sshd:auth): check pass; user unknown
2024-07-29T05:01:10.792467+00:00 serverenterprise sshd[4136]: pam_unix(sshd:auth): authentication failure; logname= uid=0 euid=0 tty=ssh ruser= rhost=137.220.191.188 
2024-07-29T05:01:13.393571+00:00 serverenterprise sshd[4136]: Failed password for invalid user ubuntu from 137.220.191.188 port 34098 ssh2
2024-07-29T05:01:15.579238+00:00 serverenterprise sshd[4136]: Received disconnect from 137.220.191.188 port 34098:11: Bye Bye [preauth]
2024-07-29T05:01:15.579385+00:00 serverenterprise sshd[4136]: Disconnected from invalid user ubuntu 137.220.191.188 port 34098 [preauth]
2024-07-29T05:01:17.456592+00:00 serverenterprise sshd[4138]: pam_unix(sshd:auth): authentication failure; logname= uid=0 euid=0 tty=ssh ruser= rhost=172.174.154.119  user=root
2024-07-29T05:01:20.355495+00:00 serverenterprise sshd[4138]: Failed password for root from 172.174.154.119 port 38586 ssh2
2024-07-29T05:01:20.915256+00:00 serverenterprise sshd[4138]: Received disconnect from 172.174.154.119 port 38586:11: Bye Bye [preauth]
2024-07-29T05:01:20.915408+00:00 serverenterprise sshd[4138]: Disconnected from authenticating user root 172.174.154.119 port 38586 [preauth]
2024-07-29T05:01:39.838185+00:00 serverenterprise sshd[4140]: pam_unix(sshd:auth): authentication failure; logname= uid=0 euid=0 tty=ssh ruser= rhost=222.253.40.231  user=root
2024-07-29T05:01:42.089490+00:00 serverenterprise sshd[4140]: Failed password for root from 222.253.40.231 port 56978 ssh2
2024-07-29T05:01:43.547204+00:00 serverenterprise sshd[4140]: Received disconnect from 222.253.40.231 port 56978:11: Bye Bye [preauth]
2024-07-29T05:01:43.547323+00:00 serverenterprise sshd[4140]: Disconnected from authenticating user root 222.253.40.231 port 56978 [preauth]
2024-07-29T05:02:00.484188+00:00 serverenterprise sshd[4143]: Invalid user git from 36.139.107.243 port 43978
2024-07-29T05:02:00.487419+00:00 serverenterprise sshd[4143]: pam_unix(sshd:auth): check pass; user unknown
2024-07-29T05:02:00.487565+00:00 serverenterprise sshd[4143]: pam_unix(sshd:auth): authentication failure; logname= uid=0 euid=0 tty=ssh ruser= rhost=36.139.107.243 
